Archive member included to satisfy reference by file (symbol)

app/libapp.a(main.c.obj)      (--whole-archive)
zephyr/libzephyr.a(heap.c.obj)
                              (--whole-archive)
zephyr/libzephyr.a(cbprintf_packaged.c.obj)
                              (--whole-archive)
zephyr/libzephyr.a(clock.c.obj)
                              (--whole-archive)
zephyr/libzephyr.a(printk.c.obj)
                              (--whole-archive)
zephyr/libzephyr.a(sem.c.obj)
                              (--whole-archive)
zephyr/libzephyr.a(thread_entry.c.obj)
                              (--whole-archive)
zephyr/libzephyr.a(cbprintf_complete.c.obj)
                              (--whole-archive)
zephyr/libzephyr.a(assert.c.obj)
                              (--whole-archive)
zephyr/libzephyr.a(mpsc_pbuf.c.obj)
                              (--whole-archive)
zephyr/libzephyr.a(dec.c.obj)
                              (--whole-archive)
zephyr/libzephyr.a(hex.c.obj)
                              (--whole-archive)
zephyr/libzephyr.a(rb.c.obj)  (--whole-archive)
zephyr/libzephyr.a(timeutil.c.obj)
                              (--whole-archive)
zephyr/libzephyr.a(bitarray.c.obj)
                              (--whole-archive)
zephyr/libzephyr.a(ring_buffer.c.obj)
                              (--whole-archive)
zephyr/libzephyr.a(last_section_id.c.obj)
                              (--whole-archive)
zephyr/libzephyr.a(configs.c.obj)
                              (--whole-archive)
zephyr/libzephyr.a(soc.c.obj)
                              (--whole-archive)
zephyr/libzephyr.a(log_core.c.obj)
                              (--whole-archive)
zephyr/libzephyr.a(log_mgmt.c.obj)
                              (--whole-archive)
zephyr/libzephyr.a(log_cache.c.obj)
                              (--whole-archive)
zephyr/libzephyr.a(log_msg.c.obj)
                              (--whole-archive)
zephyr/libzephyr.a(log_output.c.obj)
                              (--whole-archive)
zephyr/libzephyr.a(log_backend_rtt.c.obj)
                              (--whole-archive)
zephyr/libzephyr.a(tracing_none.c.obj)
                              (--whole-archive)
zephyr/arch/common/libarch__common.a(sw_isr_common.c.obj)
                              (--whole-archive)
zephyr/arch/arch/arm/core/libarch__arm__core.a(fatal.c.obj)
                              (--whole-archive)
zephyr/arch/arch/arm/core/libarch__arm__core.a(nmi.c.obj)
                              (--whole-archive)
zephyr/arch/arch/arm/core/libarch__arm__core.a(nmi_on_reset.S.obj)
                              (--whole-archive)
zephyr/arch/arch/arm/core/libarch__arm__core.a(tls.c.obj)
                              (--whole-archive)
zephyr/arch/arch/arm/core/cortex_m/libarch__arm__core__cortex_m.a(exc_exit.c.obj)
                              (--whole-archive)
zephyr/arch/arch/arm/core/cortex_m/libarch__arm__core__cortex_m.a(fault.c.obj)
                              (--whole-archive)
zephyr/arch/arch/arm/core/cortex_m/libarch__arm__core__cortex_m.a(fault_s.S.obj)
                              (--whole-archive)
zephyr/arch/arch/arm/core/cortex_m/libarch__arm__core__cortex_m.a(fpu.c.obj)
                              (--whole-archive)
zephyr/arch/arch/arm/core/cortex_m/libarch__arm__core__cortex_m.a(reset.S.obj)
                              (--whole-archive)
zephyr/arch/arch/arm/core/cortex_m/libarch__arm__core__cortex_m.a(scb.c.obj)
                              (--whole-archive)
zephyr/arch/arch/arm/core/cortex_m/libarch__arm__core__cortex_m.a(thread_abort.c.obj)
                              (--whole-archive)
zephyr/arch/arch/arm/core/cortex_m/libarch__arm__core__cortex_m.a(vector_table.S.obj)
                              (--whole-archive)
zephyr/arch/arch/arm/core/cortex_m/libarch__arm__core__cortex_m.a(swap_helper.S.obj)
                              (--whole-archive)
zephyr/arch/arch/arm/core/cortex_m/libarch__arm__core__cortex_m.a(irq_manage.c.obj)
                              (--whole-archive)
zephyr/arch/arch/arm/core/cortex_m/libarch__arm__core__cortex_m.a(prep_c.c.obj)
                              (--whole-archive)
zephyr/arch/arch/arm/core/cortex_m/libarch__arm__core__cortex_m.a(thread.c.obj)
                              (--whole-archive)
zephyr/arch/arch/arm/core/cortex_m/libarch__arm__core__cortex_m.a(cpu_idle.c.obj)
                              (--whole-archive)
zephyr/arch/arch/arm/core/cortex_m/libarch__arm__core__cortex_m.a(irq_init.c.obj)
                              (--whole-archive)
zephyr/arch/arch/arm/core/cortex_m/libarch__arm__core__cortex_m.a(isr_wrapper.c.obj)
                              (--whole-archive)
zephyr/arch/arch/arm/core/cortex_m/libarch__arm__core__cortex_m.a(__aeabi_read_tp.S.obj)
                              (--whole-archive)
zephyr/lib/libc/picolibc/liblib__libc__picolibc.a(assert.c.obj)
                              (--whole-archive)
zephyr/lib/libc/picolibc/liblib__libc__picolibc.a(cbprintf.c.obj)
[...]
Memory Configuration

Name             Origin             Length             Attributes
BOOT_FLASH       0x0000000010000000 0x0000000000000100 r
FLASH            0x0000000010000100 0x00000000001fff00 xr
RAM              0x0000000020000000 0x0000000000042000 xw
IDT_LIST         0x00000000ffff7fff 0x0000000000008000 xw
*default*        0x0000000000000000 0xffffffffffffffff

Linker script and memory map

                0x0000000010006bf4                vfprintf = __l_vfprintf
                0x0000000000000000                vfscanf = __l_vfscanf
LOAD zephyr/CMakeFiles/zephyr_final.dir/misc/empty_file.c.obj
LOAD zephyr/CMakeFiles/zephyr_final.dir/isr_tables.c.obj
LOAD zephyr/CMakeFiles/offsets.dir/./arch/arm/core/offsets/offsets.c.obj
LOAD app/libapp.a
LOAD zephyr/libzephyr.a
LOAD zephyr/arch/common/libarch__common.a
LOAD zephyr/arch/arch/arm/core/libarch__arm__core.a
LOAD zephyr/arch/arch/arm/core/cortex_m/libarch__arm__core__cortex_m.a
LOAD zephyr/lib/libc/picolibc/liblib__libc__picolibc.a
LOAD zephyr/lib/libc/common/liblib__libc__common.a
LOAD zephyr/drivers/clock_control/libdrivers__clock_control.a
LOAD zephyr/drivers/console/libdrivers__console.a
LOAD zephyr/drivers/gpio/libdrivers__gpio.a
LOAD zephyr/drivers/pinctrl/libdrivers__pinctrl.a
LOAD zephyr/drivers/reset/libdrivers__reset.a
LOAD zephyr/drivers/serial/libdrivers__serial.a
LOAD zephyr/drivers/timer/libdrivers__timer.a
LOAD modules/hal_rpi_pico/libmodules__hal_rpi_pico.a
LOAD modules/segger/libmodules__segger.a
LOAD zephyr/kernel/libkernel.a
LOAD zephyr/arch/common/libisr_tables.a
LOAD /opt/zephyr-sdk-0.17.4/arm-zephyr-eabi/bin/../lib/gcc/../../picolibc/arm-zephyr-eabi/lib/thumb/v6-m/nofp/libc.a
LOAD /opt/zephyr-sdk-0.17.4/arm-zephyr-eabi/bin/../lib/gcc/arm-zephyr-eabi/12.2.0/thumb/v6-m/nofp/libgcc.a

.boot2          0x0000000010000000      0x100
 *(SORT_BY_ALIGNMENT(.boot2))
 .boot2         0x0000000010000000      0x100 modules/hal_rpi_pico/libmodules__hal_rpi_pico.a(boot_stage2.S.obj)
                0x0000000000000004                _region_min_align = 0x4

.rel.plt        0x0000000010000100        0x0
 *(SORT_BY_ALIGNMENT(.rel.plt))
                [!provide]                        PROVIDE (__rel_iplt_start = .)
 *(SORT_BY_ALIGNMENT(.rel.iplt))
 .rel.iplt      0x0000000010000100        0x0 zephyr/CMakeFiles/zephyr_final.dir/isr_tables.c.obj
                [!provide]                        PROVIDE (__rel_iplt_end = .)

.rela.plt       0x0000000010000100        0x0
 *(SORT_BY_ALIGNMENT(.rela.plt))
                [!provide]                        PROVIDE (__rela_iplt_start = .)
 *(SORT_BY_ALIGNMENT(.rela.iplt))
                [!provide]                        PROVIDE (__rela_iplt_end = .)

.rel.dyn
 *(SORT_BY_ALIGNMENT(.rel.*))

.rela.dyn
 *(SORT_BY_ALIGNMENT(.rela.*))

/DISCARD/
 *(SORT_BY_ALIGNMENT(.plt))

/DISCARD/
 *(SORT_BY_ALIGNMENT(.iplt))
                0x0000000010000100                __rom_region_start = 0x10000100

rom_start       0x0000000010000100       0xa8
                0x0000000010000100                __rom_start_address = .
 FILL mask 0x00
                0x0000000010000100                . = (. + (0x0 - (. - __rom_start_address)))
                0x0000000010000100                . = ALIGN (0x4)
                0x0000000010000100                . = ALIGN (0x100)
                0x0000000010000100                . = ALIGN (0x100)
                0x0000000010000100                _vector_start = .
 *(SORT_BY_ALIGNMENT(.exc_vector_table))
 *(SORT_BY_ALIGNMENT(.exc_vector_table.*))
 .exc_vector_table._vector_table_section
                0x0000000010000100       0x40 zephyr/arch/arch/arm/core/cortex_m/libarch__arm__core__cortex_m.a(vector_table.S.obj)
                0x0000000010000100                _vector_table
 *(SORT_BY_ALIGNMENT(.vectors))
                0x00000000100001a8                _vector_end = .
                0x0000000010000140                . = ALIGN (0x4)
 *(SORT_BY_ALIGNMENT(.gnu.linkonce.irq_vector_table*))
 .gnu.linkonce.irq_vector_table
                0x0000000010000140       0x68 zephyr/CMakeFiles/zephyr_final.dir/isr_tables.c.obj
                0x0000000010000140                _irq_vector_table
                0x00000000100001a8                _vector_end = .

text            0x00000000100001a8     0x8d5c
                0x00000000100001a8                __text_region_start = .
 *(SORT_BY_ALIGNMENT(.text))
 .text          0x00000000100001a8       0x14 /opt/zephyr-sdk-0.17.4/arm-zephyr-eabi/bin/../lib/gcc/arm-zephyr-eabi/12.2.0/thumb/v6-m/nofp/libgcc.a(_thumb1_case_sqi.o)
                0x00000000100001a8                __gnu_thumb1_case_sqi
 .text          0x00000000100001bc       0x14 /opt/zephyr-sdk-0.17.4/arm-zephyr-eabi/bin/../lib/gcc/arm-zephyr-eabi/12.2.0/thumb/v6-m/nofp/libgcc.a(_thumb1_case_uqi.o)
                0x00000000100001bc                __gnu_thumb1_case_uqi
 .text          0x00000000100001d0       0x8c /opt/zephyr-sdk-0.17.4/arm-zephyr-eabi/bin/../lib/gcc/arm-zephyr-eabi/12.2.0/thumb/v6-m/nofp/libgcc.a(_udivsi3.o)
                0x00000000100001d0                __udivsi3
                0x00000000100001d0                __aeabi_uidiv
                0x0000000010000248                __aeabi_uidivmod
 .text          0x000000001000025c        0x4 /opt/zephyr-sdk-0.17.4/arm-zephyr-eabi/bin/../lib/gcc/arm-zephyr-eabi/12.2.0/thumb/v6-m/nofp/libgcc.a(_dvmd_tls.o)
                0x000000001000025c                __aeabi_ldiv0
                0x000000001000025c                __aeabi_idiv0
 .text          0x0000000010000260       0x18 /opt/zephyr-sdk-0.17.4/arm-zephyr-eabi/bin/../lib/gcc/arm-zephyr-eabi/12.2.0/thumb/v6-m/nofp/libgcc.a(_lshrdi3.o)
                0x0000000010000260                __aeabi_llsr
                0x0000000010000260                __lshrdi3
 .text          0x0000000010000278       0x18 /opt/zephyr-sdk-0.17.4/arm-zephyr-eabi/bin/../lib/gcc/arm-zephyr-eabi/12.2.0/thumb/v6-m/nofp/libgcc.a(_ashldi3.o)
                0x0000000010000278                __ashldi3
                0x0000000010000278                __aeabi_llsl
 .text          0x0000000010000290       0x7c /opt/zephyr-sdk-0.17.4/arm-zephyr-eabi/bin/../lib/gcc/arm-zephyr-eabi/12.2.0/thumb/v6-m/nofp/libgcc.a(_arm_cmpdf2.o)
                0x0000000010000290                __aeabi_cdrcmple
                0x00000000100002a0                __aeabi_cdcmple
                0x00000000100002a0                __aeabi_cdcmpeq
                0x00000000100002b0                __aeabi_dcmpeq
                0x00000000100002bc                __aeabi_dcmplt
                0x00000000100002d0                __aeabi_dcmple
                0x00000000100002e4                __aeabi_dcmpgt
                0x00000000100002f8                __aeabi_dcmpge
 .text          0x000000001000030c       0x3c /opt/zephyr-sdk-0.17.4/arm-zephyr-eabi/bin/../lib/gcc/arm-zephyr-eabi/12.2.0/thumb/v6-m/nofp/libgcc.a(_clzsi2.o)
                0x000000001000030c                __clzsi2
 .text          0x0000000010000348       0x18 /opt/zephyr-sdk-0.17.4/arm-zephyr-eabi/bin/../lib/gcc/arm-zephyr-eabi/12.2.0/thumb/v6-m/nofp/libgcc.a(_clzdi2.o)
                0x0000000010000348                __clzdi2
 .text          0x0000000010000360       0x40 /opt/zephyr-sdk-0.17.4/arm-zephyr-eabi/bin/../lib/gcc/arm-zephyr-eabi/12.2.0/thumb/v6-m/nofp/libgcc.a(_ctzsi2.o)
                0x0000000010000360                __ctzsi2
 .text          0x00000000100003a0       0x48 /opt/zephyr-sdk-0.17.4/arm-zephyr-eabi/bin/../lib/gcc/arm-zephyr-eabi/12.2.0/thumb/v6-m/nofp/libgcc.a(_aeabi_ldivmod.o)
                0x00000000100003a0                __aeabi_ldivmod
 .text          0x00000000100003e8       0x40 /opt/zephyr-sdk-0.17.4/arm-zephyr-eabi/bin/../lib/gcc/arm-zephyr-eabi/12.2.0/thumb/v6-m/nofp/libgcc.a(_aeabi_uldivmod.o)
                0x00000000100003e8                __aeabi_uldivmod
 .text          0x0000000010000428       0x38 /opt/zephyr-sdk-0.17.4/arm-zephyr-eabi/bin/../lib/gcc/arm-zephyr-eabi/12.2.0/thumb/v6-m/nofp/libgcc.a(_fixunsdfsi.o)
                0x0000000010000428                __fixunsdfsi
                0x0000000010000428                __aeabi_d2uiz
 .text          0x0000000010000460       0x3c /opt/zephyr-sdk-0.17.4/arm-zephyr-eabi/bin/../lib/gcc/arm-zephyr-eabi/12.2.0/thumb/v6-m/nofp/libgcc.a(_fixunsdfdi.o)
                0x0000000010000460                __aeabi_d2ulz
                0x0000000010000460                __fixunsdfdi
 .text          0x000000001000049c      0x2e8 /opt/zephyr-sdk-0.17.4/arm-zephyr-eabi/bin/../lib/gcc/arm-zephyr-eabi/12.2.0/thumb/v6-m/nofp/libgcc.a(addsf3.o)
                0x000000001000049c                __aeabi_fadd
 .text          0x0000000010000784      0x1c4 /opt/zephyr-sdk-0.17.4/arm-zephyr-eabi/bin/../lib/gcc/arm-zephyr-eabi/12.2.0/thumb/v6-m/nofp/libgcc.a(divsf3.o)
                0x0000000010000784                __aeabi_fdiv
 .text          0x0000000010000948      0x1ec /opt/zephyr-sdk-0.17.4/arm-zephyr-eabi/bin/../lib/gcc/arm-zephyr-eabi/12.2.0/thumb/v6-m/nofp/libgcc.a(mulsf3.o)
                0x0000000010000948                __aeabi_fmul
 .text          0x0000000010000b34       0x3c /opt/zephyr-sdk-0.17.4/arm-zephyr-eabi/bin/../lib/gcc/arm-zephyr-eabi/12.2.0/thumb/v6-m/nofp/libgcc.a(fixsfsi.o)
                0x0000000010000b34                __aeabi_f2iz
 .text          0x0000000010000b70       0x78 /opt/zephyr-sdk-0.17.4/arm-zephyr-eabi/bin/../lib/gcc/arm-zephyr-eabi/12.2.0/thumb/v6-m/nofp/libgcc.a(floatunsisf.o)
                0x0000000010000b70                __aeabi_ui2f
 .text          0x0000000010000be8      0x5e0 /opt/zephyr-sdk-0.17.4/arm-zephyr-eabi/bin/../lib/gcc/arm-zephyr-eabi/12.2.0/thumb/v6-m/nofp/libgcc.a(adddf3.o)
                0x0000000010000be8                __aeabi_dadd
 .text          0x00000000100011c8       0x84 /opt/zephyr-sdk-0.17.4/arm-zephyr-eabi/bin/../lib/gcc/arm-zephyr-eabi/12.2.0/thumb/v6-m/nofp/libgcc.a(eqdf2.o)
                0x00000000100011c8                __eqdf2
                0x00000000100011c8                __nedf2
 .text          0x000000001000124c       0xec /opt/zephyr-sdk-0.17.4/arm-zephyr-eabi/bin/../lib/gcc/arm-zephyr-eabi/12.2.0/thumb/v6-m/nofp/libgcc.a(gedf2.o)
                0x000000001000124c                __gtdf2
                0x000000001000124c                __gedf2
 .text          0x0000000010001338       0xf0 /opt/zephyr-sdk-0.17.4/arm-zephyr-eabi/bin/../lib/gcc/arm-zephyr-eabi/12.2.0/thumb/v6-m/nofp/libgcc.a(ledf2.o)
                0x0000000010001338                __ltdf2
                0x0000000010001338                __ledf2
 .text          0x0000000010001428      0x454 /opt/zephyr-sdk-0.17.4/arm-zephyr-eabi/bin/../lib/gcc/arm-zephyr-eabi/12.2.0/thumb/v6-m/nofp/libgcc.a(muldf3.o)
                0x0000000010001428                __aeabi_dmul
 .text          0x000000001000187c      0x628 /opt/zephyr-sdk-0.17.4/arm-zephyr-eabi/bin/../lib/gcc/arm-zephyr-eabi/12.2.0/thumb/v6-m/nofp/libgcc.a(subdf3.o)
                0x000000001000187c                __aeabi_dsub
 .text          0x0000000010001ea4       0x64 /opt/zephyr-sdk-0.17.4/arm-zephyr-eabi/bin/../lib/gcc/arm-zephyr-eabi/12.2.0/thumb/v6-m/nofp/libgcc.a(fixdfsi.o)
                0x0000000010001ea4                __aeabi_d2iz
 .text          0x0000000010001f08       0x40 /opt/zephyr-sdk-0.17.4/arm-zephyr-eabi/bin/../lib/gcc/arm-zephyr-eabi/12.2.0/thumb/v6-m/nofp/libgcc.a(floatunsidf.o)
                0x0000000010001f08                __aeabi_ui2d
 .text          0x0000000010001f48        0xe /opt/zephyr-sdk-0.17.4/arm-zephyr-eabi/bin/../lib/gcc/../../picolibc/arm-zephyr-eabi/lib/thumb/v6-m/nofp/libc.a(strlen.S.o)
                0x0000000010001f48                strlen
 .text          0x0000000010001f56       0x44 /opt/zephyr-sdk-0.17.4/arm-zephyr-eabi/bin/../lib/gcc/arm-zephyr-eabi/12.2.0/thumb/v6-m/nofp/libgcc.a(_muldi3.o)
                0x0000000010001f56                __aeabi_lmul
                0x0000000010001f56                __muldi3
 .text          0x0000000010001f9a       0x38 /opt/zephyr-sdk-0.17.4/arm-zephyr-eabi/bin/../lib/gcc/arm-zephyr-eabi/12.2.0/thumb/v6-m/nofp/libgcc.a(_fixdfdi.o)
                0x0000000010001f9a                __aeabi_d2lz
                0x0000000010001f9a                __fixdfdi
 .text          0x0000000010001fd2       0xde /opt/zephyr-sdk-0.17.4/arm-zephyr-eabi/bin/../lib/gcc/arm-zephyr-eabi/12.2.0/thumb/v6-m/nofp/libgcc.a(_udivmoddi4.o)
                0x0000000010001fd2                __udivmoddi4
 .text          0x00000000100020b0       0x30 /opt/zephyr-sdk-0.17.4/arm-zephyr-eabi/bin/../lib/gcc/arm-zephyr-eabi/12.2.0/thumb/v6-m/nofp/libgcc.a(bpabi.o)
                0x00000000100020b0                __gnu_ldivmod_helper
 .text          0x00000000100020e0      0x142 /opt/zephyr-sdk-0.17.4/arm-zephyr-eabi/bin/../lib/gcc/arm-zephyr-eabi/12.2.0/thumb/v6-m/nofp/libgcc.a(_divdi3.o)
                0x00000000100020e0                __divdi3
 *(SORT_BY_ALIGNMENT(.text.*))
 *fill*         0x0000000010002222        0x2 
 .text.uart0_send_byte
                0x0000000010002224       0x14 app/libapp.a(main.c.obj)
 .text.on_u1_phase1
                0x0000000010002238       0x68 app/libapp.a(main.c.obj)
 .text.parse_sd_fields.constprop.0
                0x00000000100022a0       0xb0 app/libapp.a(main.c.obj)
 .text.on_u0_phase1
                0x0000000010002350       0xc8 app/libapp.a(main.c.obj)
 .text.on_u0_during_stop
                0x0000000010002418       0xa8 app/libapp.a(main.c.obj)
 .text.parse_lpm_depth.constprop.0
                0x00000000100024c0       0x3c app/libapp.a(main.c.obj)
 .text.on_u1_run
                0x00000000100024fc       0x94 app/libapp.a(main.c.obj)
 .text.send_sw_on_uart0_uint
                0x0000000010002590       0x94 app/libapp.a(main.c.obj)
 .text.uart1_send_bytes
                0x0000000010002624       0x20 app/libapp.a(main.c.obj)
 .text.sensor_send_start_with_epoch
                0x0000000010002644      0x150 app/libapp.a(main.c.obj)
 .text.run_stop_sequence
                0x0000000010002794      0x250 app/libapp.a(main.c.obj)
 .text.on_u0_run
                0x00000000100029e4      0x158 app/libapp.a(main.c.obj)
 .text.main     0x0000000010002b3c      0x1d8 app/libapp.a(main.c.obj)
                0x0000000010002b3c                main
 .text.cbvprintf_package
                0x0000000010002d14      0x3b8 zephyr/libzephyr.a(cbprintf_packaged.c.obj)
                0x0000000010002d14                cbvprintf_package
 .text.cbprintf_package_convert
                0x00000000100030cc      0x430 zephyr/libzephyr.a(cbprintf_packaged.c.obj)
                0x00000000100030cc                cbprintf_package_convert
 .text.__printk_hook_install
                0x00000000100034fc        0xc zephyr/libzephyr.a(printk.c.obj)
                0x00000000100034fc                __printk_hook_install
 .text.z_thread_entry
                0x0000000010003508       0x30 zephyr/libzephyr.a(thread_entry.c.obj)
                0x0000000010003508                z_thread_entry
 .text.activate_foreach_backend
                0x0000000010003538       0x58 zephyr/libzephyr.a(log_core.c.obj)
 .text.enable_logger
                0x0000000010003590       0x5c zephyr/libzephyr.a(log_core.c.obj)
 .text.log_process_thread_timer_expiry_fn
                0x00000000100035ec       0x10 zephyr/libzephyr.a(log_core.c.obj)
 .text.z_log_init
                0x00000000100035fc       0x90 zephyr/libzephyr.a(log_core.c.obj)
 .text.log_format_func_t_get
                0x000000001000368c        0xc zephyr/libzephyr.a(log_core.c.obj)
                0x000000001000368c                log_format_func_t_get
 .text.log_set_timestamp_func
                0x0000000010003698       0x20 zephyr/libzephyr.a(log_core.c.obj)
                0x0000000010003698                log_set_timestamp_func
 .text.z_log_notify_backend_enabled
                0x00000000100036b8       0x20 zephyr/libzephyr.a(log_core.c.obj)
                0x00000000100036b8                z_log_notify_backend_enabled
 .text.z_log_dropped
                0x00000000100036d8       0x34 zephyr/libzephyr.a(log_core.c.obj)
                0x00000000100036d8                z_log_dropped
 .text.z_log_dropped_read_and_clear
                0x000000001000370c       0x10 zephyr/libzephyr.a(log_core.c.obj)
                0x000000001000370c                z_log_dropped_read_and_clear
 .text.dropped_notify
                0x000000001000371c       0x34 zephyr/libzephyr.a(log_core.c.obj)
                0x000000001000371c                dropped_notify
 .text.z_log_msg_init
                0x0000000010003750       0x20 zephyr/libzephyr.a(log_core.c.obj)
                0x0000000010003750                z_log_msg_init
 .text.log_core_init
                0x0000000010003770       0x50 zephyr/libzephyr.a(log_core.c.obj)
                0x0000000010003770                log_core_init
 .text.z_log_msg_alloc
                0x00000000100037c0       0x18 zephyr/libzephyr.a(log_core.c.obj)
                0x00000000100037c0                z_log_msg_alloc
 .text.z_log_msg_local_claim
                0x00000000100037d8       0x10 zephyr/libzephyr.a(log_core.c.obj)
                0x00000000100037d8                z_log_msg_local_claim
 .text.z_log_msg_free
                0x00000000100037e8       0x14 zephyr/libzephyr.a(log_core.c.obj)
                0x00000000100037e8                z_log_msg_free
 .text.z_log_msg_pending
                0x00000000100037fc       0x10 zephyr/libzephyr.a(log_core.c.obj)
                0x00000000100037fc                z_log_msg_pending
 .text.z_impl_log_process
                0x000000001000380c       0x9c zephyr/libzephyr.a(log_core.c.obj)
                0x000000001000380c                z_impl_log_process
 .text.z_impl_log_panic
                0x00000000100038a8       0x48 zephyr/libzephyr.a(log_core.c.obj)
                0x00000000100038a8                z_impl_log_panic
 .text.log_process_thread_func
                0x00000000100038f0       0xa4 zephyr/libzephyr.a(log_core.c.obj)
 .text.z_log_msg_post_finalize
                0x0000000010003994       0x70 zephyr/libzephyr.a(log_core.c.obj)
 .text.z_log_msg_commit
                0x0000000010003a04       0x24 zephyr/libzephyr.a(log_core.c.obj)
                0x0000000010003a04                z_log_msg_commit
 .text.log_source_name_get
                0x0000000010003a28       0x1c zephyr/libzephyr.a(log_mgmt.c.obj)
                0x0000000010003a28                log_source_name_get
 .text.z_log_msg_simple_create
                0x0000000010003a44       0x70 zephyr/libzephyr.a(log_msg.c.obj)
 .text.z_impl_z_log_msg_static_create
                0x0000000010003ab4      0x130 zephyr/libzephyr.a(log_msg.c.obj)
                0x0000000010003ab4                z_impl_z_log_msg_static_create
 .text.z_log_msg_runtime_vcreate
                0x0000000010003be4       0x9c zephyr/libzephyr.a(log_msg.c.obj)
                0x0000000010003be4                z_log_msg_runtime_vcreate
 .text.log_msg_get_source_id
                0x0000000010003c80       0x1c zephyr/libzephyr.a(log_msg.c.obj)
                0x0000000010003c80                log_msg_get_source_id
 .text.print_formatted
                0x0000000010003c9c       0x20 zephyr/libzephyr.a(log_output.c.obj)
 .text.newline_print
                0x0000000010003cbc       0x20 zephyr/libzephyr.a(log_output.c.obj)
 .text.log_output_process
                0x0000000010003cdc      0x2cc zephyr/libzephyr.a(log_output.c.obj)
                0x0000000010003cdc                log_output_process
 .text.log_output_dropped_process
                0x0000000010003fa8       0x58 zephyr/libzephyr.a(log_output.c.obj)
                0x0000000010003fa8                log_output_dropped_process
 .text.log_output_timestamp_freq_set
                0x0000000010004000       0x34 zephyr/libzephyr.a(log_output.c.obj)
                0x0000000010004000                log_output_timestamp_freq_set
 .text.log_backend_rtt_init
                0x0000000010004034        0xc zephyr/libzephyr.a(log_backend_rtt.c.obj)
 .text.format_set
                0x0000000010004040        0xc zephyr/libzephyr.a(log_backend_rtt.c.obj)
 .text.dropped  0x000000001000404c       0x10 zephyr/libzephyr.a(log_backend_rtt.c.obj)
 .text.process  0x000000001000405c       0x20 zephyr/libzephyr.a(log_backend_rtt.c.obj)
 .text.panic    0x000000001000407c       0x34 zephyr/libzephyr.a(log_backend_rtt.c.obj)
 .text.on_failed_write
                0x00000000100040b0       0x34 zephyr/libzephyr.a(log_backend_rtt.c.obj)
 .text.data_out
                0x00000000100040e4       0x88 zephyr/libzephyr.a(log_backend_rtt.c.obj)
 .text.z_arm_fatal_error
                0x000000001000416c       0xb8 zephyr/arch/arch/arm/core/libarch__arm__core.a(fatal.c.obj)
                0x000000001000416c                z_arm_fatal_error
 .text.z_SysNmiOnReset
                0x0000000010004224        0x4 zephyr/arch/arch/arm/core/libarch__arm__core.a(nmi_on_reset.S.obj)
                0x0000000010004224                z_SysNmiOnReset
 .text.arch_tls_stack_setup
                0x0000000010004228       0x38 zephyr/arch/arch/arm/core/libarch__arm__core.a(tls.c.obj)
                0x0000000010004228                arch_tls_stack_setup
 .text._HandlerModeExit
                0x0000000010004260       0x20 zephyr/arch/arch/arm/core/cortex_m/libarch__arm__core__cortex_m.a(exc_exit.c.obj)
                0x0000000010004260                z_arm_exc_exit
                0x0000000010004260                z_arm_int_exit
 .text.z_arm_fault
                0x0000000010004280      0x138 zephyr/arch/arch/arm/core/cortex_m/libarch__arm__core__cortex_m.a(fault.c.obj)
                0x0000000010004280                z_arm_fault
 .text.z_arm_fault_init
                0x00000000100043b8       0x10 zephyr/arch/arch/arm/core/cortex_m/libarch__arm__core__cortex_m.a(fault.c.obj)
                0x00000000100043b8                z_arm_fault_init
 .text.__fault  0x00000000100043c8       0x14 zephyr/arch/arch/arm/core/cortex_m/libarch__arm__core__cortex_m.a(fault_s.S.obj)
                0x00000000100043c8                z_arm_exc_spurious
                0x00000000100043c8                z_arm_hard_fault
 .text._reset_section
                0x00000000100043dc       0x34 zephyr/arch/arch/arm/core/cortex_m/libarch__arm__core__cortex_m.a(reset.S.obj)
                0x00000000100043dc                z_arm_reset
                0x00000000100043dc                __start
 .text.z_impl_k_thread_abort
                0x0000000010004410       0x38 zephyr/arch/arch/arm/core/cortex_m/libarch__arm__core__cortex_m.a(thread_abort.c.obj)
                0x0000000010004410                z_impl_k_thread_abort
 .text.z_arm_pendsv
                0x0000000010004448       0x70 zephyr/arch/arch/arm/core/cortex_m/libarch__arm__core__cortex_m.a(swap_helper.S.obj)
                0x0000000010004448                z_arm_pendsv
 .text.z_arm_svc
                0x00000000100044b8       0x28 zephyr/arch/arch/arm/core/cortex_m/libarch__arm__core__cortex_m.a(swap_helper.S.obj)
                0x00000000100044b8                z_arm_svc
 .text.arm_irq_enable
                0x00000000100044e0       0x18 zephyr/arch/arch/arm/core/cortex_m/libarch__arm__core__cortex_m.a(irq_manage.c.obj)
                0x00000000100044e0                arm_irq_enable
 .text.arm_irq_priority_set
                0x00000000100044f8       0x54 zephyr/arch/arch/arm/core/cortex_m/libarch__arm__core__cortex_m.a(irq_manage.c.obj)
                0x00000000100044f8                arm_irq_priority_set
 .text.relocate_vector_table
                0x000000001000454c       0x1c zephyr/arch/arch/arm/core/cortex_m/libarch__arm__core__cortex_m.a(prep_c.c.obj)
                0x000000001000454c                relocate_vector_table
 .text.arch_new_thread
                0x0000000010004568       0x2c zephyr/arch/arch/arm/core/cortex_m/libarch__arm__core__cortex_m.a(thread.c.obj)
                0x0000000010004568                arch_new_thread
 .text.arch_switch_to_main_thread
                0x0000000010004594       0x38 zephyr/arch/arch/arm/core/cortex_m/libarch__arm__core__cortex_m.a(thread.c.obj)
                0x0000000010004594                arch_switch_to_main_thread
 .text.z_arm_cpu_idle_init
                0x00000000100045cc        0xc zephyr/arch/arch/arm/core/cortex_m/libarch__arm__core__cortex_m.a(cpu_idle.c.obj)
                0x00000000100045cc                z_arm_cpu_idle_init
 .text.z_arm_interrupt_init
                0x00000000100045d8       0x30 zephyr/arch/arch/arm/core/cortex_m/libarch__arm__core__cortex_m.a(irq_init.c.obj)
                0x00000000100045d8                z_arm_interrupt_init
 .text._isr_wrapper
                0x0000000010004608       0x20 zephyr/arch/arch/arm/core/cortex_m/libarch__arm__core__cortex_m.a(isr_wrapper.c.obj)
                0x0000000010004608                _isr_wrapper
 .text.cbvprintf
                0x0000000010004628       0x38 zephyr/lib/libc/picolibc/liblib__libc__picolibc.a(cbprintf.c.obj)
                0x0000000010004628                cbvprintf
 .text.z_impl_zephyr_fputc
                0x0000000010004660       0x10 zephyr/lib/libc/picolibc/liblib__libc__picolibc.a(stdio.c.obj)
                0x0000000010004660                z_impl_zephyr_fputc
 .text.__stdout_hook_install
                0x0000000010004670       0x18 zephyr/lib/libc/picolibc/liblib__libc__picolibc.a(stdio.c.obj)
                0x0000000010004670                __stdout_hook_install
 .text.abort    0x0000000010004688       0x18 zephyr/lib/libc/common/liblib__libc__common.a(abort.c.obj)
                0x0000000010004688                abort
 .text.malloc_prepare
                0x00000000100046a0       0x24 zephyr/lib/libc/common/liblib__libc__common.a(malloc.c.obj)
 .text.clock_control_rpi_pico_on
                0x00000000100046c4       0x40 zephyr/drivers/clock_control/libdrivers__clock_control.a(clock_control_rpi_pico.c.obj)
 .text.clock_control_rpi_pico_off
                0x0000000010004704       0x40 zephyr/drivers/clock_control/libdrivers__clock_control.a(clock_control_rpi_pico.c.obj)
 .text.rpi_pico_rosc_write.constprop.0
                0x0000000010004744       0x30 zephyr/drivers/clock_control/libdrivers__clock_control.a(clock_control_rpi_pico.c.obj)
 .text.rpi_pico_get_clock_src.isra.0
                0x0000000010004774       0x9c zephyr/drivers/clock_control/libdrivers__clock_control.a(clock_control_rpi_pico.c.obj)
 .text.rpi_pico_calc_clock_freq
                0x0000000010004810      0x104 zephyr/drivers/clock_control/libdrivers__clock_control.a(clock_control_rpi_pico.c.obj)
 .text.clock_control_rpi_pico_init
                0x0000000010004914      0x1c8 zephyr/drivers/clock_control/libdrivers__clock_control.a(clock_control_rpi_pico.c.obj)
 .text.rtt_console_init
                0x0000000010004adc       0x18 zephyr/drivers/console/libdrivers__console.a(rtt_console.c.obj)
 .text.rtt_console_out
                0x0000000010004af4       0x4c zephyr/drivers/console/libdrivers__console.a(rtt_console.c.obj)
 .text.gpio_rpi_get_pending_int
                0x0000000010004b40       0x30 zephyr/drivers/gpio/libdrivers__gpio.a(gpio_rpi_pico.c.obj)
 .text.gpio_rpi_isr
                0x0000000010004b70       0x7c zephyr/drivers/gpio/libdrivers__gpio.a(gpio_rpi_pico.c.obj)
 .text.gpio_rpi_configure
                0x0000000010004bec       0xbc zephyr/drivers/gpio/libdrivers__gpio.a(gpio_rpi_pico.c.obj)
 .text.pl011_irq_err_disable
                0x0000000010004ca8       0x14 zephyr/drivers/serial/libdrivers__serial.a(uart_pl011.c.obj)
 .text.pl011_runtime_configure_internal
                0x0000000010004cbc      0x16c zephyr/drivers/serial/libdrivers__serial.a(uart_pl011.c.obj)
 .text.pl011_init
                0x0000000010004e28      0x128 zephyr/drivers/serial/libdrivers__serial.a(uart_pl011.c.obj)
 .text.elapsed  0x0000000010004f50       0x54 zephyr/drivers/timer/libdrivers__timer.a(cortex_m_systick.c.obj)
 .text.sys_clock_driver_init
                0x0000000010004fa4       0x40 zephyr/drivers/timer/libdrivers__timer.a(cortex_m_systick.c.obj)
 .text.sys_clock_isr
                0x0000000010004fe4       0x58 zephyr/drivers/timer/libdrivers__timer.a(cortex_m_systick.c.obj)
                0x0000000010004fe4                sys_clock_isr
 .text.sys_clock_set_timeout
                0x000000001000503c      0x118 zephyr/drivers/timer/libdrivers__timer.a(cortex_m_systick.c.obj)
                0x000000001000503c                sys_clock_set_timeout
 .text.sys_clock_elapsed
                0x0000000010005154       0x38 zephyr/drivers/timer/libdrivers__timer.a(cortex_m_systick.c.obj)
                0x0000000010005154                sys_clock_elapsed
 .text.sys_clock_cycle_get_32
                0x000000001000518c       0x24 zephyr/drivers/timer/libdrivers__timer.a(cortex_m_systick.c.obj)
                0x000000001000518c                sys_clock_cycle_get_32
 .text.clock_configure_internal
                0x00000000100051b0       0xbc modules/hal_rpi_pico/libmodules__hal_rpi_pico.a(clocks.c.obj)
 .text.pll_init
                0x000000001000526c       0xcc modules/hal_rpi_pico/libmodules__hal_rpi_pico.a(pll.c.obj)
                0x000000001000526c                pll_init
 .text.xosc_init
                0x0000000010005338       0x28 modules/hal_rpi_pico/libmodules__hal_rpi_pico.a(xosc.c.obj)
                0x0000000010005338                xosc_init
 .text.tick_start
                0x0000000010005360       0x10 modules/hal_rpi_pico/libmodules__hal_rpi_pico.a(ticks.c.obj)
                0x0000000010005360                tick_start
 .text.gpio_set_function
                0x0000000010005370       0x30 modules/hal_rpi_pico/libmodules__hal_rpi_pico.a(gpio.c.obj)
                0x0000000010005370                gpio_set_function
 .text.gpio_set_pulls
                0x00000000100053a0       0x24 modules/hal_rpi_pico/libmodules__hal_rpi_pico.a(gpio.c.obj)
                0x00000000100053a0                gpio_set_pulls
 .text.gpio_set_irqover
                0x00000000100053c4       0x24 modules/hal_rpi_pico/libmodules__hal_rpi_pico.a(gpio.c.obj)
                0x00000000100053c4                gpio_set_irqover
 .text.gpio_set_inover
                0x00000000100053e8       0x24 modules/hal_rpi_pico/libmodules__hal_rpi_pico.a(gpio.c.obj)
                0x00000000100053e8                gpio_set_inover
 .text.gpio_set_outover
                0x000000001000540c       0x24 modules/hal_rpi_pico/libmodules__hal_rpi_pico.a(gpio.c.obj)
                0x000000001000540c                gpio_set_outover
 .text.gpio_set_oeover
                0x0000000010005430       0x24 modules/hal_rpi_pico/libmodules__hal_rpi_pico.a(gpio.c.obj)
                0x0000000010005430                gpio_set_oeover
 .text.gpio_set_input_hysteresis_enabled
                0x0000000010005454       0x1c modules/hal_rpi_pico/libmodules__hal_rpi_pico.a(gpio.c.obj)
                0x0000000010005454                gpio_set_input_hysteresis_enabled
 .text.gpio_set_slew_rate
                0x0000000010005470       0x20 modules/hal_rpi_pico/libmodules__hal_rpi_pico.a(gpio.c.obj)
                0x0000000010005470                gpio_set_slew_rate
 .text.gpio_set_drive_strength
                0x0000000010005490       0x20 modules/hal_rpi_pico/libmodules__hal_rpi_pico.a(gpio.c.obj)
                0x0000000010005490                gpio_set_drive_strength
 .text.gpio_acknowledge_irq
                0x00000000100054b0       0x18 modules/hal_rpi_pico/libmodules__hal_rpi_pico.a(gpio.c.obj)
                0x00000000100054b0                gpio_acknowledge_irq
 .text.gpio_set_irq_enabled
                0x00000000100054c8       0x44 modules/hal_rpi_pico/libmodules__hal_rpi_pico.a(gpio.c.obj)
                0x00000000100054c8                gpio_set_irq_enabled
 .text.gpio_set_input_enabled
                0x000000001000550c       0x1c modules/hal_rpi_pico/libmodules__hal_rpi_pico.a(gpio.c.obj)
                0x000000001000550c                gpio_set_input_enabled
 .text._DoInit  0x0000000010005528       0x60 modules/segger/libmodules__segger.a(SEGGER_RTT.c.obj)
 .text.SEGGER_RTT_WriteSkipNoLock
                0x0000000010005588       0x8c modules/segger/libmodules__segger.a(SEGGER_RTT.c.obj)
                0x0000000010005588                SEGGER_RTT_WriteSkipNoLock
 .text.SEGGER_RTT_WriteNoLock
                0x0000000010005614       0x5c modules/segger/libmodules__segger.a(SEGGER_RTT.c.obj)
                0x0000000010005614                SEGGER_RTT_WriteNoLock
 .text.SEGGER_RTT_Write
                0x0000000010005670       0x34 modules/segger/libmodules__segger.a(SEGGER_RTT.c.obj)
                0x0000000010005670                SEGGER_RTT_Write
 .text.SEGGER_RTT_HasDataUp
                0x00000000100056a4       0x14 modules/segger/libmodules__segger.a(SEGGER_RTT.c.obj)
                0x00000000100056a4                SEGGER_RTT_HasDataUp
 .text.SEGGER_RTT_Init
                0x00000000100056b8       0x28 modules/segger/libmodules__segger.a(SEGGER_RTT.c.obj)
                0x00000000100056b8                SEGGER_RTT_Init
 .text.k_sys_fatal_error_handler
                0x00000000100056e0       0x20 zephyr/kernel/libkernel.a(fatal.c.obj)
                0x00000000100056e0                k_sys_fatal_error_handler
 .text.z_fatal_error
                0x0000000010005700       0xf4 zephyr/kernel/libkernel.a(fatal.c.obj)
                0x0000000010005700                z_fatal_error
 .text.z_sys_init_run_level
                0x00000000100057f4       0x34 zephyr/kernel/libkernel.a(init.c.obj)
 .text.bg_thread_main
                0x0000000010005828       0xa8 zephyr/kernel/libkernel.a(init.c.obj)
 .text.z_bss_zero
                0x00000000100058d0       0x18 zephyr/kernel/libkernel.a(init.c.obj)
                0x00000000100058d0                z_bss_zero
 .text.z_init_cpu
                0x00000000100058e8       0x68 zephyr/kernel/libkernel.a(init.c.obj)
                0x00000000100058e8                z_init_cpu
 .text.z_cstart
                0x0000000010005950       0xb4 zephyr/kernel/libkernel.a(init.c.obj)
                0x0000000010005950                z_cstart
 .text.z_impl_k_sem_give
                0x0000000010005a04       0x64 zephyr/kernel/libkernel.a(sem.c.obj)
                0x0000000010005a04                z_impl_k_sem_give
 .text.z_impl_k_sem_take
                0x0000000010005a68       0x4c zephyr/kernel/libkernel.a(sem.c.obj)
                0x0000000010005a68                z_impl_k_sem_take
 .text.z_setup_new_thread
                0x0000000010005ab4       0x74 zephyr/kernel/libkernel.a(thread.c.obj)
                0x0000000010005ab4                z_setup_new_thread
 .text.z_impl_k_thread_create
                0x0000000010005b28       0x58 zephyr/kernel/libkernel.a(thread.c.obj)
                0x0000000010005b28                z_impl_k_thread_create
 .text.z_dummy_thread_init
                0x0000000010005b80       0x14 zephyr/kernel/libkernel.a(thread.c.obj)
                0x0000000010005b80                z_dummy_thread_init
 .text.z_swap_irqlock
                0x0000000010005b94       0x2c zephyr/kernel/libkernel.a(sched.c.obj)
 .text.ready_thread
                0x0000000010005bc0       0x8c zephyr/kernel/libkernel.a(sched.c.obj)
 .text.unready_thread
                0x0000000010005c4c       0x58 zephyr/kernel/libkernel.a(sched.c.obj)
 .text.add_thread_timeout
                0x0000000010005ca4       0x18 zephyr/kernel/libkernel.a(sched.c.obj)
 .text.move_thread_to_end_of_prio_q
                0x0000000010005cbc       0x98 zephyr/kernel/libkernel.a(sched.c.obj)
                0x0000000010005cbc                move_thread_to_end_of_prio_q
 .text.z_pend_curr
                0x0000000010005d54       0x38 zephyr/kernel/libkernel.a(sched.c.obj)
                0x0000000010005d54                z_pend_curr
 .text.z_reschedule
                0x0000000010005d8c       0x2c zephyr/kernel/libkernel.a(sched.c.obj)
                0x0000000010005d8c                z_reschedule
 .text.z_reschedule_irqlock
                0x0000000010005db8       0x2c zephyr/kernel/libkernel.a(sched.c.obj)
                0x0000000010005db8                z_reschedule_irqlock
 .text.k_sched_lock
                0x0000000010005de4       0x20 zephyr/kernel/libkernel.a(sched.c.obj)
                0x0000000010005de4                k_sched_lock
 .text.k_sched_unlock
                0x0000000010005e04       0x60 zephyr/kernel/libkernel.a(sched.c.obj)
                0x0000000010005e04                k_sched_unlock
 .text.z_sched_init
                0x0000000010005e64       0x14 zephyr/kernel/libkernel.a(sched.c.obj)
                0x0000000010005e64                z_sched_init
 .text.z_impl_k_yield
                0x0000000010005e78       0x84 zephyr/kernel/libkernel.a(sched.c.obj)
                0x0000000010005e78                z_impl_k_yield
 .text.z_tick_sleep
                0x0000000010005efc       0x74 zephyr/kernel/libkernel.a(sched.c.obj)
 .text.z_impl_k_sleep
                0x0000000010005f70       0x4c zephyr/kernel/libkernel.a(sched.c.obj)
                0x0000000010005f70                z_impl_k_sleep
 .text.z_impl_k_wakeup
                0x0000000010005fbc       0x40 zephyr/kernel/libkernel.a(sched.c.obj)
                0x0000000010005fbc                z_impl_k_wakeup
 .text.z_impl_k_sched_current_thread_query
                0x0000000010005ffc        0xc zephyr/kernel/libkernel.a(sched.c.obj)
                0x0000000010005ffc                z_impl_k_sched_current_thread_query
 .text.z_thread_abort
                0x0000000010006008      0x128 zephyr/kernel/libkernel.a(sched.c.obj)
                0x0000000010006008                z_thread_abort
 .text.slice_timeout
                0x0000000010006130       0x20 zephyr/kernel/libkernel.a(timeslicing.c.obj)
 .text.thread_is_sliceable
                0x0000000010006150       0x40 zephyr/kernel/libkernel.a(timeslicing.c.obj)
                0x0000000010006150                thread_is_sliceable
 .text.z_reset_time_slice
                0x0000000010006190       0x4c zephyr/kernel/libkernel.a(timeslicing.c.obj)
                0x0000000010006190                z_reset_time_slice
 .text.z_time_slice
                0x00000000100061dc       0x58 zephyr/kernel/libkernel.a(timeslicing.c.obj)
                0x00000000100061dc                z_time_slice
 .text.z_data_copy
                0x0000000010006234       0x34 zephyr/kernel/libkernel.a(xip.c.obj)
                0x0000000010006234                z_data_copy
 .text.first    0x0000000010006268       0x10 zephyr/kernel/libkernel.a(timeout.c.obj)
 .text.next_timeout
                0x0000000010006278       0x38 zephyr/kernel/libkernel.a(timeout.c.obj)
 .text.elapsed  0x00000000100062b0       0x18 zephyr/kernel/libkernel.a(timeout.c.obj)
 .text.remove_timeout
                0x00000000100062c8       0x38 zephyr/kernel/libkernel.a(timeout.c.obj)
 .text.z_add_timeout
                0x0000000010006300      0x120 zephyr/kernel/libkernel.a(timeout.c.obj)
                0x0000000010006300                z_add_timeout
 .text.sys_clock_announce
                0x0000000010006420       0xd4 zephyr/kernel/libkernel.a(timeout.c.obj)
                0x0000000010006420                sys_clock_announce
 .text.sys_clock_tick_get
                0x00000000100064f4       0x2c zephyr/kernel/libkernel.a(timeout.c.obj)
                0x00000000100064f4                sys_clock_tick_get
 .text.z_timer_expiration_handler
                0x0000000010006520      0x110 zephyr/kernel/libkernel.a(timer.c.obj)
                0x0000000010006520                z_timer_expiration_handler
 .text.z_impl_k_timer_start
                0x0000000010006630       0x68 zephyr/kernel/libkernel.a(timer.c.obj)
                0x0000000010006630                z_impl_k_timer_start
 .text.snprintf
                0x0000000010006698       0x54 /opt/zephyr-sdk-0.17.4/arm-zephyr-eabi/bin/../lib/gcc/../../picolibc/arm-zephyr-eabi/lib/thumb/v6-m/nofp/libc.a(libc_tinystdio_snprintf.c.o)
                0x0000000010006698                snprintf
 .text.strtod   0x00000000100066ec      0x414 /opt/zephyr-sdk-0.17.4/arm-zephyr-eabi/bin/../lib/gcc/../../picolibc/arm-zephyr-eabi/lib/thumb/v6-m/nofp/libc.a(libc_tinystdio_strtod.c.o)
                0x00000000100066ec                strtold
                0x00000000100066ec                strtod
 .text.strtol   0x0000000010006b00       0xf4 /opt/zephyr-sdk-0.17.4/arm-zephyr-eabi/bin/../lib/gcc/../../picolibc/arm-zephyr-eabi/lib/thumb/v6-m/nofp/libc.a(libc_tinystdio_strtol.c.o)
                0x0000000010006b00                strtol
 .text.__l_vfprintf
                0x0000000010006bf4      0x4d0 /opt/zephyr-sdk-0.17.4/arm-zephyr-eabi/bin/../lib/gcc/../../picolibc/arm-zephyr-eabi/lib/thumb/v6-m/nofp/libc.a(libc_tinystdio_vflprintf.c.o)
                0x0000000010006bf4                __l_vfprintf
 .text.__atod_engine
                0x00000000100070c4      0x168 /opt/zephyr-sdk-0.17.4/arm-zephyr-eabi/bin/../lib/gcc/../../picolibc/arm-zephyr-eabi/lib/thumb/v6-m/nofp/libc.a(libc_tinystdio_atod_ryu.c.o)
                0x00000000100070c4                __atod_engine
 .text.__log2pow5
                0x000000001000722c        0xc /opt/zephyr-sdk-0.17.4/arm-zephyr-eabi/bin/../lib/gcc/../../picolibc/arm-zephyr-eabi/lib/thumb/v6-m/nofp/libc.a(libc_tinystdio_ryu_log2pow5.c.o)
                0x000000001000722c                __log2pow5
 .text.__ceil_log2pow5
                0x0000000010007238       0x10 /opt/zephyr-sdk-0.17.4/arm-zephyr-eabi/bin/../lib/gcc/../../picolibc/arm-zephyr-eabi/lib/thumb/v6-m/nofp/libc.a(libc_tinystdio_ryu_log2pow5.c.o)
                0x0000000010007238                __ceil_log2pow5
 .text.__pow5Factor
                0x0000000010007248       0x2c /opt/zephyr-sdk-0.17.4/arm-zephyr-eabi/bin/../lib/gcc/../../picolibc/arm-zephyr-eabi/lib/thumb/v6-m/nofp/libc.a(libc_tinystdio_ryu_table.c.o)
                0x0000000010007248                __pow5Factor
 .text.__double_computePow5
                0x0000000010007274       0xf8 /opt/zephyr-sdk-0.17.4/arm-zephyr-eabi/bin/../lib/gcc/../../picolibc/arm-zephyr-eabi/lib/thumb/v6-m/nofp/libc.a(libc_tinystdio_ryu_table.c.o)
                0x0000000010007274                __double_computePow5
 .text.__double_computeInvPow5
                0x000000001000736c      0x100 /opt/zephyr-sdk-0.17.4/arm-zephyr-eabi/bin/../lib/gcc/../../picolibc/arm-zephyr-eabi/lib/thumb/v6-m/nofp/libc.a(libc_tinystdio_ryu_table.c.o)
                0x000000001000736c                __double_computeInvPow5
 .text.floor    0x000000001000746c       0xc0 /opt/zephyr-sdk-0.17.4/arm-zephyr-eabi/bin/../lib/gcc/../../picolibc/arm-zephyr-eabi/lib/thumb/v6-m/nofp/libc.a(libm_machine_arm_s_floor.c.o)
                0x000000001000746c                floor
                0x000000001000746c                floorl
 .text.isnan    0x000000001000752c       0x18 /opt/zephyr-sdk-0.17.4/arm-zephyr-eabi/bin/../lib/gcc/../../picolibc/arm-zephyr-eabi/lib/thumb/v6-m/nofp/libc.a(libm_common_s_isnan.c.o)
                0x000000001000752c                __isnanl
                0x000000001000752c                isnan
                0x000000001000752c                isnanl
                0x000000001000752c                __isnand
 .text.__fpclassifyd
                0x0000000010007544       0x38 /opt/zephyr-sdk-0.17.4/arm-zephyr-eabi/bin/../lib/gcc/../../picolibc/arm-zephyr-eabi/lib/thumb/v6-m/nofp/libc.a(libm_common_s_fpclassify.c.o)
                0x0000000010007544                __fpclassifyl
                0x0000000010007544                __fpclassifyd
 .text.llround  0x000000001000757c       0xf4 /opt/zephyr-sdk-0.17.4/arm-zephyr-eabi/bin/../lib/gcc/../../picolibc/arm-zephyr-eabi/lib/thumb/v6-m/nofp/libc.a(libm_common_s_llround.c.o)
                0x000000001000757c                llround
                0x000000001000757c                llroundl
 .text.__pow5bits
                0x0000000010007670       0x10 /opt/zephyr-sdk-0.17.4/arm-zephyr-eabi/bin/../lib/gcc/../../picolibc/arm-zephyr-eabi/lib/thumb/v6-m/nofp/libc.a(libc_tinystdio_ryu_pow5bits.c.o)
                0x0000000010007670                __pow5bits
 .text._OffsetAbsSyms
                0x0000000010007680        0x2 zephyr/CMakeFiles/offsets.dir/./arch/arm/core/offsets/offsets.c.obj
                0x0000000010007680                _OffsetAbsSyms
 .text.matcher_feed
                0x0000000010007682       0x36 app/libapp.a(main.c.obj)
 .text.poll_drain_uart
                0x00000000100076b8       0x24 app/libapp.a(main.c.obj)
 .text.k_uptime_get
                0x00000000100076dc       0x10 app/libapp.a(main.c.obj)
 .text.line_acc_add
                0x00000000100076ec       0x3e app/libapp.a(main.c.obj)
 .text.line_acc_stalled
                0x000000001000772a       0x3e app/libapp.a(main.c.obj)
 .text.line_acc_reset
                0x0000000010007768       0x1e app/libapp.a(main.c.obj)
 .text.chunk_field
                0x0000000010007786       0x1a zephyr/libzephyr.a(heap.c.obj)
 .text.chunk_set
                0x00000000100077a0       0x1c zephyr/libzephyr.a(heap.c.obj)
 .text.chunk_size
                0x00000000100077bc        0xc zephyr/libzephyr.a(heap.c.obj)
 .text.set_chunk_used
                0x00000000100077c8       0x36 zephyr/libzephyr.a(heap.c.obj)
 .text.set_chunk_size
                0x00000000100077fe        0xc zephyr/libzephyr.a(heap.c.obj)
 .text.bucket_idx.isra.0
                0x000000001000780a       0x20 zephyr/libzephyr.a(heap.c.obj)
 .text.free_list_add
                0x000000001000782a       0x88 zephyr/libzephyr.a(heap.c.obj)
 .text.sys_heap_init
                0x00000000100078b2       0xac zephyr/libzephyr.a(heap.c.obj)
                0x00000000100078b2                sys_heap_init
 .text.cbpprintf_external
                0x000000001000795e       0x68 zephyr/libzephyr.a(cbprintf_packaged.c.obj)
                0x000000001000795e                cbpprintf_external
 .text.is_ptr   0x00000000100079c6       0x4a zephyr/libzephyr.a(cbprintf_packaged.c.obj)
                0x00000000100079c6                is_ptr
 .text.arch_printk_char_out
                0x0000000010007a10        0x4 zephyr/libzephyr.a(printk.c.obj)
                0x0000000010007a10                arch_printk_char_out
 .text.printk   0x0000000010007a14       0x16 zephyr/libzephyr.a(printk.c.obj)
                0x0000000010007a14                printk
 .text.free_space
                0x0000000010007a2a       0x2c zephyr/libzephyr.a(mpsc_pbuf.c.obj)
 .text.get_usage
                0x0000000010007a56       0x22 zephyr/libzephyr.a(mpsc_pbuf.c.obj)
 .text.idx_inc  0x0000000010007a78       0x1c zephyr/libzephyr.a(mpsc_pbuf.c.obj)
 .text.rd_idx_inc
                0x0000000010007a94       0x18 zephyr/libzephyr.a(mpsc_pbuf.c.obj)
 .text.add_skip_item
                0x0000000010007aac       0x3a zephyr/libzephyr.a(mpsc_pbuf.c.obj)
 .text.drop_item_locked
                0x0000000010007ae6       0xf0 zephyr/libzephyr.a(mpsc_pbuf.c.obj)
 .text.post_drop_action
                0x0000000010007bd6       0x38 zephyr/libzephyr.a(mpsc_pbuf.c.obj)
 .text.max_utilization_update
                0x0000000010007c0e       0x1a zephyr/libzephyr.a(mpsc_pbuf.c.obj)
 .text.mpsc_pbuf_init
                0x0000000010007c28       0x42 zephyr/libzephyr.a(mpsc_pbuf.c.obj)
                0x0000000010007c28                mpsc_pbuf_init
 .text.mpsc_pbuf_alloc
                0x0000000010007c6a       0xfc zephyr/libzephyr.a(mpsc_pbuf.c.obj)
                0x0000000010007c6a                mpsc_pbuf_alloc
 .text.mpsc_pbuf_commit
                0x0000000010007d66       0x38 zephyr/libzephyr.a(mpsc_pbuf.c.obj)
                0x0000000010007d66                mpsc_pbuf_commit
 .text.mpsc_pbuf_claim
                0x0000000010007d9e       0xa2 zephyr/libzephyr.a(mpsc_pbuf.c.obj)
                0x0000000010007d9e                mpsc_pbuf_claim
 .text.mpsc_pbuf_free
                0x0000000010007e40       0x72 zephyr/libzephyr.a(mpsc_pbuf.c.obj)
                0x0000000010007e40                mpsc_pbuf_free
 .text.mpsc_pbuf_is_pending
                0x0000000010007eb2       0x2e zephyr/libzephyr.a(mpsc_pbuf.c.obj)
                0x0000000010007eb2                mpsc_pbuf_is_pending
 .text._ConfigAbsSyms
                0x0000000010007ee0        0x2 zephyr/libzephyr.a(configs.c.obj)
                0x0000000010007ee0                _ConfigAbsSyms
 .text.log_msg_generic_get_wlen
                0x0000000010007ee2       0x22 zephyr/libzephyr.a(log_core.c.obj)
 .text.dummy_timestamp
                0x0000000010007f04        0x4 zephyr/libzephyr.a(log_core.c.obj)
 .text.atomic_inc
                0x0000000010007f08        0xa zephyr/libzephyr.a(log_core.c.obj)
 .text.default_lf_get_timestamp
                0x0000000010007f12       0x10 zephyr/libzephyr.a(log_core.c.obj)
 .text.z_log_vprintk
                0x0000000010007f22       0x1a zephyr/libzephyr.a(log_core.c.obj)
                0x0000000010007f22                z_log_vprintk
 .text.z_log_notify_drop
                0x0000000010007f3c        0xa zephyr/libzephyr.a(log_core.c.obj)
 .text.z_log_get_tag
                0x0000000010007f46        0x4 zephyr/libzephyr.a(log_core.c.obj)
                0x0000000010007f46                z_log_get_tag
 .text.log_backend_enable
                0x0000000010007f4a       0x16 zephyr/libzephyr.a(log_mgmt.c.obj)
                0x0000000010007f4a                log_backend_enable
 .text.z_cbprintf_cpy
                0x0000000010007f60       0x32 zephyr/libzephyr.a(log_msg.c.obj)
 .text.z_log_msg_finalize
                0x0000000010007f92       0x32 zephyr/libzephyr.a(log_msg.c.obj)
                0x0000000010007f92                z_log_msg_finalize
 .text.z_impl_z_log_msg_simple_create_0
                0x0000000010007fc4        0xe zephyr/libzephyr.a(log_msg.c.obj)
                0x0000000010007fc4                z_impl_z_log_msg_simple_create_0
 .text.z_impl_z_log_msg_simple_create_1
                0x0000000010007fd2       0x10 zephyr/libzephyr.a(log_msg.c.obj)
                0x0000000010007fd2                z_impl_z_log_msg_simple_create_1
 .text.log_output_write
                0x0000000010007fe2       0x1e zephyr/libzephyr.a(log_output.c.obj)
 .text.log_output_flush
                0x0000000010008000       0x18 zephyr/libzephyr.a(log_output.c.obj)
 .text.out_func
                0x0000000010008018       0x26 zephyr/libzephyr.a(log_output.c.obj)
 .text.cr_out_func
                0x000000001000803e       0x1c zephyr/libzephyr.a(log_output.c.obj)
 .text.log_output_msg_process
                0x000000001000805a       0x62 zephyr/libzephyr.a(log_output.c.obj)
                0x000000001000805a                log_output_msg_process
 .text.z_do_kernel_oops
                0x00000000100080bc        0xc zephyr/arch/arch/arm/core/libarch__arm__core.a(fatal.c.obj)
                0x00000000100080bc                z_do_kernel_oops
 .text.z_arm_nmi
                0x00000000100080c8        0xc zephyr/arch/arch/arm/core/libarch__arm__core.a(nmi.c.obj)
                0x00000000100080c8                z_arm_nmi
 .text.z_irq_spurious
                0x00000000100080d4        0xc zephyr/arch/arch/arm/core/cortex_m/libarch__arm__core__cortex_m.a(irq_manage.c.obj)
                0x00000000100080d4                z_irq_spurious
 .text.z_prep_c
                0x00000000100080e0       0x16 zephyr/arch/arch/arm/core/cortex_m/libarch__arm__core__cortex_m.a(prep_c.c.obj)
                0x00000000100080e0                z_prep_c
 .text.arch_irq_unlock_outlined
                0x00000000100080f6        0xc zephyr/arch/arch/arm/core/cortex_m/libarch__arm__core__cortex_m.a(thread.c.obj)
                0x00000000100080f6                arch_irq_unlock_outlined
 .text.arch_cpu_idle
                0x0000000010008102        0xe zephyr/arch/arch/arm/core/cortex_m/libarch__arm__core__cortex_m.a(cpu_idle.c.obj)
                0x0000000010008102                arch_cpu_idle
 .text.__assert_no_args
                0x0000000010008110        0x6 zephyr/lib/libc/picolibc/liblib__libc__picolibc.a(assert.c.obj)
                0x0000000010008110                __assert_no_args
 .text.cbputc   0x0000000010008116        0xc zephyr/lib/libc/picolibc/liblib__libc__picolibc.a(cbprintf.c.obj)
 .text.picolibc_put
                0x0000000010008122        0xa zephyr/lib/libc/picolibc/liblib__libc__picolibc.a(stdio.c.obj)
 .text.rpi_pico_is_clock_enabled.isra.0
                0x000000001000812c       0x5e zephyr/drivers/clock_control/libdrivers__clock_control.a(clock_control_rpi_pico.c.obj)
 .text.clock_control_rpi_pico_get_status
                0x000000001000818a       0x18 zephyr/drivers/clock_control/libdrivers__clock_control.a(clock_control_rpi_pico.c.obj)
 .text.clock_control_rpi_pico_get_rate
                0x00000000100081a2       0x1e zephyr/drivers/clock_control/libdrivers__clock_control.a(clock_control_rpi_pico.c.obj)
 .text.rpi_pico_clkid_tuple_reorder_by_dependencies
                0x00000000100081c0       0x66 zephyr/drivers/clock_control/libdrivers__clock_control.a(clock_control_rpi_pico.c.obj)
                0x00000000100081c0                rpi_pico_clkid_tuple_reorder_by_dependencies
 .text.gpio_rpi_port_get_raw
                0x0000000010008226        0xc zephyr/drivers/gpio/libdrivers__gpio.a(gpio_rpi_pico.c.obj)
 .text.gpio_rpi_port_set_bits_raw
                0x0000000010008232       0x2c zephyr/drivers/gpio/libdrivers__gpio.a(gpio_rpi_pico.c.obj)
 .text.gpio_rpi_port_clear_bits_raw
                0x000000001000825e       0x2c zephyr/drivers/gpio/libdrivers__gpio.a(gpio_rpi_pico.c.obj)
 .text.gpio_rpi_port_toggle_bits
                0x000000001000828a       0x18 zephyr/drivers/gpio/libdrivers__gpio.a(gpio_rpi_pico.c.obj)
 .text.gpio_rpi_manage_callback
                0x00000000100082a2       0x58 zephyr/drivers/gpio/libdrivers__gpio.a(gpio_rpi_pico.c.obj)
 .text.gpio_rpi_bank_init
                0x00000000100082fa       0x10 zephyr/drivers/gpio/libdrivers__gpio.a(gpio_rpi_pico.c.obj)
 .text.gpio_rpi_pin_interrupt_configure
                0x000000001000830a       0x46 zephyr/drivers/gpio/libdrivers__gpio.a(gpio_rpi_pico.c.obj)
 .text.bank_0_config_func
                0x0000000010008350       0x14 zephyr/drivers/gpio/libdrivers__gpio.a(gpio_rpi_pico.c.obj)
 .text.gpio_rpi_port_set_masked_raw
                0x0000000010008364       0x3c zephyr/drivers/gpio/libdrivers__gpio.a(gpio_rpi_pico.c.obj)
 .text.pinctrl_lookup_state
                0x00000000100083a0       0x26 zephyr/drivers/pinctrl/libdrivers__pinctrl.a(common.c.obj)
                0x00000000100083a0                pinctrl_lookup_state
 .text.pinctrl_configure_pins
                0x00000000100083c6       0xc6 zephyr/drivers/pinctrl/libdrivers__pinctrl.a(pinctrl_rpi_pico.c.obj)
                0x00000000100083c6                pinctrl_configure_pins
 .text.reset_rpi_init
                0x000000001000848c        0x4 zephyr/drivers/reset/libdrivers__reset.a(reset_rpi_pico.c.obj)
 .text.reset_rpi_read_register.isra.0
                0x0000000010008490       0x30 zephyr/drivers/reset/libdrivers__reset.a(reset_rpi_pico.c.obj)
 .text.reset_rpi_update
                0x00000000100084c0       0x72 zephyr/drivers/reset/libdrivers__reset.a(reset_rpi_pico.c.obj)
 .text.reset_rpi_line_assert
                0x0000000010008532        0xa zephyr/drivers/reset/libdrivers__reset.a(reset_rpi_pico.c.obj)
 .text.reset_rpi_line_deassert
                0x000000001000853c        0xa zephyr/drivers/reset/libdrivers__reset.a(reset_rpi_pico.c.obj)
 .text.reset_rpi_line_toggle
                0x0000000010008546       0x18 zephyr/drivers/reset/libdrivers__reset.a(reset_rpi_pico.c.obj)
 .text.reset_rpi_status
                0x000000001000855e       0x38 zephyr/drivers/reset/libdrivers__reset.a(reset_rpi_pico.c.obj)
 .text.pl011_poll_in
                0x0000000010008596       0x34 zephyr/drivers/serial/libdrivers__serial.a(uart_pl011.c.obj)
 .text.pl011_poll_out
                0x00000000100085ca       0x10 zephyr/drivers/serial/libdrivers__serial.a(uart_pl011.c.obj)
 .text.pl011_err_check
                0x00000000100085da       0x2a zephyr/drivers/serial/libdrivers__serial.a(uart_pl011.c.obj)
 .text.pl011_runtime_config_get
                0x0000000010008604        0xc zephyr/drivers/serial/libdrivers__serial.a(uart_pl011.c.obj)
 .text.pl011_fifo_fill
                0x0000000010008610       0x22 zephyr/drivers/serial/libdrivers__serial.a(uart_pl011.c.obj)
 .text.pl011_fifo_read
                0x0000000010008632       0x22 zephyr/drivers/serial/libdrivers__serial.a(uart_pl011.c.obj)
 .text.pl011_irq_tx_enable
                0x0000000010008654       0x48 zephyr/drivers/serial/libdrivers__serial.a(uart_pl011.c.obj)
 .text.pl011_irq_tx_disable
                0x000000001000869c       0x14 zephyr/drivers/serial/libdrivers__serial.a(uart_pl011.c.obj)
 .text.pl011_irq_tx_complete
                0x00000000100086b0        0xe zephyr/drivers/serial/libdrivers__serial.a(uart_pl011.c.obj)
 .text.pl011_irq_tx_ready
                0x00000000100086be       0x34 zephyr/drivers/serial/libdrivers__serial.a(uart_pl011.c.obj)
 .text.pl011_irq_rx_enable
                0x00000000100086f2        0xe zephyr/drivers/serial/libdrivers__serial.a(uart_pl011.c.obj)
 .text.pl011_irq_rx_disable
                0x0000000010008700        0xe zephyr/drivers/serial/libdrivers__serial.a(uart_pl011.c.obj)
 .text.pl011_irq_rx_ready
                0x000000001000870e       0x2c zephyr/drivers/serial/libdrivers__serial.a(uart_pl011.c.obj)
 .text.pl011_irq_err_enable
                0x000000001000873a       0x10 zephyr/drivers/serial/libdrivers__serial.a(uart_pl011.c.obj)
 .text.pl011_irq_is_pending
                0x000000001000874a       0x1c zephyr/drivers/serial/libdrivers__serial.a(uart_pl011.c.obj)
 .text.pl011_irq_update
                0x0000000010008766        0x4 zephyr/drivers/serial/libdrivers__serial.a(uart_pl011.c.obj)
 .text.pl011_irq_callback_set
                0x000000001000876a        0x8 zephyr/drivers/serial/libdrivers__serial.a(uart_pl011.c.obj)
 .text.pl011_isr
                0x0000000010008772       0x22 zephyr/drivers/serial/libdrivers__serial.a(uart_pl011.c.obj)
                0x0000000010008772                pl011_isr
 .text.pwr_on_raspberrypi_pico_uart_0
                0x0000000010008794        0x4 zephyr/drivers/serial/libdrivers__serial.a(uart_pl011.c.obj)
 .text.clk_enable_raspberrypi_pico_uart_0
                0x0000000010008798        0x4 zephyr/drivers/serial/libdrivers__serial.a(uart_pl011.c.obj)
 .text.pl011_irq_config_func_0
                0x000000001000879c       0x14 zephyr/drivers/serial/libdrivers__serial.a(uart_pl011.c.obj)
 .text.pl011_irq_config_func_1
                0x00000000100087b0       0x14 zephyr/drivers/serial/libdrivers__serial.a(uart_pl011.c.obj)
 .text.clk_enable_raspberrypi_pico_uart_1
                0x00000000100087c4        0x4 zephyr/drivers/serial/libdrivers__serial.a(uart_pl011.c.obj)
 .text.pwr_on_raspberrypi_pico_uart_1
                0x00000000100087c8        0x4 zephyr/drivers/serial/libdrivers__serial.a(uart_pl011.c.obj)
 .text.pl011_runtime_configure
                0x00000000100087cc        0xa zephyr/drivers/serial/libdrivers__serial.a(uart_pl011.c.obj)
 .text.clock_configure
                0x00000000100087d6       0x46 modules/hal_rpi_pico/libmodules__hal_rpi_pico.a(clocks.c.obj)
                0x00000000100087d6                clock_configure
 .text.gpio_init
                0x000000001000881c       0x16 modules/hal_rpi_pico/libmodules__hal_rpi_pico.a(gpio.c.obj)
                0x000000001000881c                gpio_init
 .text._GetAvailWriteSpace
                0x0000000010008832       0x12 modules/segger/libmodules__segger.a(SEGGER_RTT.c.obj)
 .text._WriteNoCheck
                0x0000000010008844       0x30 modules/segger/libmodules__segger.a(SEGGER_RTT.c.obj)
 .text._WriteBlocking
                0x0000000010008874       0x5a modules/segger/libmodules__segger.a(SEGGER_RTT.c.obj)
 .text.rtt_init
                0x00000000100088ce        0xa modules/segger/libmodules__segger.a(SEGGER_RTT_zephyr.c.obj)
 .text.zephyr_rtt_irq_lock
                0x00000000100088d8        0x8 modules/segger/libmodules__segger.a(SEGGER_RTT_zephyr.c.obj)
                0x00000000100088d8                zephyr_rtt_irq_lock
 .text.zephyr_rtt_irq_unlock
                0x00000000100088e0        0xc modules/segger/libmodules__segger.a(SEGGER_RTT_zephyr.c.obj)
                0x00000000100088e0                zephyr_rtt_irq_unlock
 .text.z_impl_k_busy_wait
                0x00000000100088ec       0x1c zephyr/kernel/libkernel.a(busy_wait.c.obj)
                0x00000000100088ec                z_impl_k_busy_wait
 .text.z_device_state_init
                0x0000000010008908        0x2 zephyr/kernel/libkernel.a(device.c.obj)
                0x0000000010008908                z_device_state_init
 .text.z_impl_device_is_ready
                0x000000001000890a       0x1a zephyr/kernel/libkernel.a(device.c.obj)
                0x000000001000890a                z_impl_device_is_ready
 .text.arch_system_halt
                0x0000000010008924        0x8 zephyr/kernel/libkernel.a(fatal.c.obj)
                0x0000000010008924                arch_system_halt
 .text.do_device_init
                0x000000001000892c       0x30 zephyr/kernel/libkernel.a(init.c.obj)
 .text.z_early_memset
                0x000000001000895c        0x8 zephyr/kernel/libkernel.a(init.c.obj)
                0x000000001000895c                z_early_memset
 .text.z_early_memcpy
                0x0000000010008964        0x8 zephyr/kernel/libkernel.a(init.c.obj)
                0x0000000010008964                z_early_memcpy
 .text.idle     0x000000001000896c        0xe zephyr/kernel/libkernel.a(idle.c.obj)
                0x000000001000896c                idle
 .text.z_impl_k_sem_init
                0x000000001000897a       0x1a zephyr/kernel/libkernel.a(sem.c.obj)
                0x000000001000897a                z_impl_k_sem_init
 .text.k_is_in_isr
                0x0000000010008994        0xc zephyr/kernel/libkernel.a(thread.c.obj)
                0x0000000010008994                k_is_in_isr
 .text.z_impl_k_thread_name_set
                0x00000000100089a0        0x6 zephyr/kernel/libkernel.a(thread.c.obj)
                0x00000000100089a0                z_impl_k_thread_name_set
 .text.k_thread_name_get
                0x00000000100089a6        0x4 zephyr/kernel/libkernel.a(thread.c.obj)
                0x00000000100089a6                k_thread_name_get
 .text.sys_dlist_remove
                0x00000000100089aa       0x10 zephyr/kernel/libkernel.a(sched.c.obj)
 .text.unpend_thread_no_timeout
                0x00000000100089ba       0x16 zephyr/kernel/libkernel.a(sched.c.obj)
 .text.add_to_waitq_locked
                0x00000000100089d0       0x52 zephyr/kernel/libkernel.a(sched.c.obj)
 .text.z_ready_thread
                0x0000000010008a22       0x18 zephyr/kernel/libkernel.a(sched.c.obj)
                0x0000000010008a22                z_ready_thread
 .text.z_unpend_thread_no_timeout
                0x0000000010008a3a       0x1e zephyr/kernel/libkernel.a(sched.c.obj)
                0x0000000010008a3a                z_unpend_thread_no_timeout
 .text.z_sched_wake_thread
                0x0000000010008a58       0x36 zephyr/kernel/libkernel.a(sched.c.obj)
                0x0000000010008a58                z_sched_wake_thread
 .text.z_thread_timeout
                0x0000000010008a8e        0xc zephyr/kernel/libkernel.a(sched.c.obj)
                0x0000000010008a8e                z_thread_timeout
 .text.z_unpend1_no_timeout
                0x0000000010008a9a       0x2a zephyr/kernel/libkernel.a(sched.c.obj)
                0x0000000010008a9a                z_unpend1_no_timeout
 .text.z_abort_timeout
                0x0000000010008ac4       0x4c zephyr/kernel/libkernel.a(timeout.c.obj)
                0x0000000010008ac4                z_abort_timeout
 .text.sys_clock_tick_get_32
                0x0000000010008b10        0x8 zephyr/kernel/libkernel.a(timeout.c.obj)
                0x0000000010008b10                sys_clock_tick_get_32
 .text.z_impl_k_uptime_ticks
                0x0000000010008b18        0x8 zephyr/kernel/libkernel.a(timeout.c.obj)
                0x0000000010008b18                z_impl_k_uptime_ticks
 .text.k_timer_init
                0x0000000010008b20       0x18 zephyr/kernel/libkernel.a(timer.c.obj)
                0x0000000010008b20                k_timer_init
 .text.z_impl_k_timer_stop
                0x0000000010008b38       0x32 zephyr/kernel/libkernel.a(timer.c.obj)
                0x0000000010008b38                z_impl_k_timer_stop
 .text.z_impl_atomic_add
                0x0000000010008b6a       0x1a zephyr/kernel/libkernel.a(atomic_c.c.obj)
                0x0000000010008b6a                z_impl_atomic_add
 .text.z_impl_atomic_sub
                0x0000000010008b84       0x1a zephyr/kernel/libkernel.a(atomic_c.c.obj)
                0x0000000010008b84                z_impl_atomic_sub
 .text.z_impl_atomic_set
                0x0000000010008b9e       0x18 zephyr/kernel/libkernel.a(atomic_c.c.obj)
                0x0000000010008b9e                z_impl_atomic_set
 .text.boot_banner
                0x0000000010008bb6        0x2 zephyr/kernel/libkernel.a(banner.c.obj)
                0x0000000010008bb6                boot_banner
 .text.memcpy   0x0000000010008bb8       0x12 /opt/zephyr-sdk-0.17.4/arm-zephyr-eabi/bin/../lib/gcc/../../picolibc/arm-zephyr-eabi/lib/thumb/v6-m/nofp/libc.a(memcpy.c.o)
                0x0000000010008bb8                memcpy
                0x0000000010008bb8                __aeabi_memcpy
                0x0000000010008bb8                __aeabi_memcpy4
                0x0000000010008bb8                __aeabi_memcpy8
 .text.memset   0x0000000010008bca       0x10 /opt/zephyr-sdk-0.17.4/arm-zephyr-eabi/bin/../lib/gcc/../../picolibc/arm-zephyr-eabi/lib/thumb/v6-m/nofp/libc.a(memset.c.o)
                0x0000000010008bca                memset
 .text.strchr   0x0000000010008bda       0x1c /opt/zephyr-sdk-0.17.4/arm-zephyr-eabi/bin/../lib/gcc/../../picolibc/arm-zephyr-eabi/lib/thumb/v6-m/nofp/libc.a(libc_string_strchr.c.o)
                0x0000000010008bda                strchr
 .text.strncmp  0x0000000010008bf6       0x22 /opt/zephyr-sdk-0.17.4/arm-zephyr-eabi/bin/../lib/gcc/../../picolibc/arm-zephyr-eabi/lib/thumb/v6-m/nofp/libc.a(libc_string_strncmp.c.o)
                0x0000000010008bf6                strncmp
 .text.strncpy  0x0000000010008c18       0x22 /opt/zephyr-sdk-0.17.4/arm-zephyr-eabi/bin/../lib/gcc/../../picolibc/arm-zephyr-eabi/lib/thumb/v6-m/nofp/libc.a(libc_string_strncpy.c.o)
                0x0000000010008c18                strncpy
 .text.strnlen  0x0000000010008c3a       0x16 /opt/zephyr-sdk-0.17.4/arm-zephyr-eabi/bin/../lib/gcc/../../picolibc/arm-zephyr-eabi/lib/thumb/v6-m/nofp/libc.a(libc_string_strnlen.c.o)
                0x0000000010008c3a                strnlen
 .text.strstr   0x0000000010008c50       0x2c /opt/zephyr-sdk-0.17.4/arm-zephyr-eabi/bin/../lib/gcc/../../picolibc/arm-zephyr-eabi/lib/thumb/v6-m/nofp/libc.a(libc_string_strstr.c.o)
                0x0000000010008c50                strstr
 .text.__strtok_r
                0x0000000010008c7c       0x58 /opt/zephyr-sdk-0.17.4/arm-zephyr-eabi/bin/../lib/gcc/../../picolibc/arm-zephyr-eabi/lib/thumb/v6-m/nofp/libc.a(libc_string_strtok_r.c.o)
                0x0000000010008c7c                __strtok_r
 .text.strtok_r
                0x0000000010008cd4        0xa /opt/zephyr-sdk-0.17.4/arm-zephyr-eabi/bin/../lib/gcc/../../picolibc/arm-zephyr-eabi/lib/thumb/v6-m/nofp/libc.a(libc_string_strtok_r.c.o)
                0x0000000010008cd4                strtok_r
 .text.__ultoa_invert
                0x0000000010008cde      0x10e /opt/zephyr-sdk-0.17.4/arm-zephyr-eabi/bin/../lib/gcc/../../picolibc/arm-zephyr-eabi/lib/thumb/v6-m/nofp/libc.a(libc_tinystdio_vflprintf.c.o)
 .text.mulShift64
                0x0000000010008dec       0x64 /opt/zephyr-sdk-0.17.4/arm-zephyr-eabi/bin/../lib/gcc/../../picolibc/arm-zephyr-eabi/lib/thumb/v6-m/nofp/libc.a(libc_tinystdio_atod_ryu.c.o)
 .text.__umul128
                0x0000000010008e50       0x70 /opt/zephyr-sdk-0.17.4/arm-zephyr-eabi/bin/../lib/gcc/../../picolibc/arm-zephyr-eabi/lib/thumb/v6-m/nofp/libc.a(libc_tinystdio_ryu_umul128.c.o)
                0x0000000010008e50                __umul128
 .text.__shiftright128
                0x0000000010008ec0       0x28 /opt/zephyr-sdk-0.17.4/arm-zephyr-eabi/bin/../lib/gcc/../../picolibc/arm-zephyr-eabi/lib/thumb/v6-m/nofp/libc.a(libc_tinystdio_ryu_umul128.c.o)
                0x0000000010008ec0                __shiftright128
 .text.__file_str_put
                0x0000000010008ee8       0x10 /opt/zephyr-sdk-0.17.4/arm-zephyr-eabi/bin/../lib/gcc/../../picolibc/arm-zephyr-eabi/lib/thumb/v6-m/nofp/libc.a(libc_tinystdio_filestrput.c.o)
                0x0000000010008ee8                __file_str_put
 *(SORT_BY_ALIGNMENT(.TEXT.*))
 .TEXT.__aeabi_read_tp
                0x0000000010008ef8        0xc zephyr/arch/arch/arm/core/cortex_m/libarch__arm__core__cortex_m.a(__aeabi_read_tp.S.obj)
                0x0000000010008ef8                __aeabi_read_tp
 *(SORT_BY_ALIGNMENT(.gnu.linkonce.t.*))
 *(SORT_BY_ALIGNMENT(.glue_7t))
 .glue_7t       0x0000000010008f04        0x0 linker stubs
 *(SORT_BY_ALIGNMENT(.glue_7))
 .glue_7        0x0000000010008f04        0x0 linker stubs
 *(SORT_BY_ALIGNMENT(.vfp11_veneer))
 .vfp11_veneer  0x0000000010008f04        0x0 linker stubs
 *(SORT_BY_ALIGNMENT(.v4_bx))
 .v4_bx         0x0000000010008f04        0x0 linker stubs
                0x0000000010008f04                . = ALIGN (0x4)
                0x0000000010008f04                __text_region_end = .

.ARM.exidx      0x0000000010008f04        0x8
                0x0000000010008f04                __exidx_start = .
 *(SORT_BY_ALIGNMENT(.ARM.exidx*) SORT_BY_ALIGNMENT(gnu.linkonce.armexidx.*))
 .ARM.exidx     0x0000000010008f04        0x8 /opt/zephyr-sdk-0.17.4/arm-zephyr-eabi/bin/../lib/gcc/arm-zephyr-eabi/12.2.0/thumb/v6-m/nofp/libgcc.a(_udivmoddi4.o)
 .ARM.exidx     0x0000000010008f0c        0x0 /opt/zephyr-sdk-0.17.4/arm-zephyr-eabi/bin/../lib/gcc/arm-zephyr-eabi/12.2.0/thumb/v6-m/nofp/libgcc.a(_divdi3.o)
                                          0x8 (size before relaxing)
                0x0000000010008f0c                __exidx_end = .
                0x0000000010008f0c                __rodata_region_start = .

initlevel       0x0000000010008f0c       0x50
                0x0000000010008f0c                __init_start = .
                0x0000000010008f0c                __init_EARLY_start = .
 *(SORT_BY_NAME(SORT_BY_ALIGNMENT(.z_init_EARLY_P_?_*)))
 *(SORT_BY_NAME(SORT_BY_ALIGNMENT(.z_init_EARLY_P_??_*)))
 *(SORT_BY_NAME(SORT_BY_ALIGNMENT(.z_init_EARLY_P_???_*)))
                0x0000000010008f0c                __init_PRE_KERNEL_1_start = .
 *(SORT_BY_NAME(SORT_BY_ALIGNMENT(.z_init_PRE_KERNEL_1_P_?_*)))
 *(SORT_BY_NAME(SORT_BY_ALIGNMENT(.z_init_PRE_KERNEL_1_P_??_*)))
 .z_init_PRE_KERNEL_1_P_30_SUB_00025_
                0x0000000010008f0c        0x8 zephyr/drivers/clock_control/libdrivers__clock_control.a(clock_control_rpi_pico.c.obj)
 .z_init_PRE_KERNEL_1_P_30_SUB_0_
                0x0000000010008f14        0x8 modules/segger/libmodules__segger.a(SEGGER_RTT_zephyr.c.obj)
 .z_init_PRE_KERNEL_1_P_35_SUB_00027_
                0x0000000010008f1c        0x8 zephyr/drivers/reset/libdrivers__reset.a(reset_rpi_pico.c.obj)
 .z_init_PRE_KERNEL_1_P_40_SUB_0_
                0x0000000010008f24        0x8 zephyr/drivers/console/libdrivers__console.a(rtt_console.c.obj)
 .z_init_PRE_KERNEL_1_P_50_SUB_00067_
                0x0000000010008f2c        0x8 zephyr/drivers/serial/libdrivers__serial.a(uart_pl011.c.obj)
 .z_init_PRE_KERNEL_1_P_50_SUB_00068_
                0x0000000010008f34        0x8 zephyr/drivers/serial/libdrivers__serial.a(uart_pl011.c.obj)
 *(SORT_BY_NAME(SORT_BY_ALIGNMENT(.z_init_PRE_KERNEL_1_P_???_*)))
                0x0000000010008f3c                __init_PRE_KERNEL_2_start = .
 *(SORT_BY_NAME(SORT_BY_ALIGNMENT(.z_init_PRE_KERNEL_2_P_?_*)))
 .z_init_PRE_KERNEL_2_P_0_SUB_0_
                0x0000000010008f3c        0x8 zephyr/drivers/timer/libdrivers__timer.a(cortex_m_systick.c.obj)
 *(SORT_BY_NAME(SORT_BY_ALIGNMENT(.z_init_PRE_KERNEL_2_P_??_*)))
 *(SORT_BY_NAME(SORT_BY_ALIGNMENT(.z_init_PRE_KERNEL_2_P_???_*)))
                0x0000000010008f44                __init_POST_KERNEL_start = .
 *(SORT_BY_NAME(SORT_BY_ALIGNMENT(.z_init_POST_KERNEL_P_?_*)))
 .z_init_POST_KERNEL_P_0_SUB_0_
                0x0000000010008f44        0x8 zephyr/libzephyr.a(log_core.c.obj)
 *(SORT_BY_NAME(SORT_BY_ALIGNMENT(.z_init_POST_KERNEL_P_??_*)))
 .z_init_POST_KERNEL_P_35_SUB_0_
                0x0000000010008f4c        0x8 zephyr/lib/libc/common/liblib__libc__common.a(malloc.c.obj)
 .z_init_POST_KERNEL_P_40_SUB_00034_
                0x0000000010008f54        0x8 zephyr/drivers/gpio/libdrivers__gpio.a(gpio_rpi_pico.c.obj)
 *(SORT_BY_NAME(SORT_BY_ALIGNMENT(.z_init_POST_KERNEL_P_???_*)))
                0x0000000010008f5c                __init_APPLICATION_start = .
 *(SORT_BY_NAME(SORT_BY_ALIGNMENT(.z_init_APPLICATION_P_?_*)))
 *(SORT_BY_NAME(SORT_BY_ALIGNMENT(.z_init_APPLICATION_P_??_*)))
 *(SORT_BY_NAME(SORT_BY_ALIGNMENT(.z_init_APPLICATION_P_???_*)))
                0x0000000010008f5c                __init_SMP_start = .
 *(SORT_BY_NAME(SORT_BY_ALIGNMENT(.z_init_SMP_P_?_*)))
 *(SORT_BY_NAME(SORT_BY_ALIGNMENT(.z_init_SMP_P_??_*)))
 *(SORT_BY_NAME(SORT_BY_ALIGNMENT(.z_init_SMP_P_???_*)))
                0x0000000010008f5c                __init_end = .

device_area     0x0000000010008f5c       0xa0
                0x0000000010008f5c                _device_list_start = .
 *(SORT_BY_NAME(SORT_BY_ALIGNMENT(._device.static.*_?_*)))
 *(SORT_BY_NAME(SORT_BY_ALIGNMENT(._device.static.*_??_*)))
 ._device.static.1_30_
                0x0000000010008f5c       0x20 zephyr/drivers/clock_control/libdrivers__clock_control.a(clock_control_rpi_pico.c.obj)
                0x0000000010008f5c                __device_dts_ord_25
 ._device.static.1_35_
                0x0000000010008f7c       0x20 zephyr/drivers/reset/libdrivers__reset.a(reset_rpi_pico.c.obj)
                0x0000000010008f7c                __device_dts_ord_27
 ._device.static.1_50_
                0x0000000010008f9c       0x40 zephyr/drivers/serial/libdrivers__serial.a(uart_pl011.c.obj)
                0x0000000010008f9c                __device_dts_ord_68
                0x0000000010008fbc                __device_dts_ord_67
 ._device.static.3_40_
                0x0000000010008fdc       0x20 zephyr/drivers/gpio/libdrivers__gpio.a(gpio_rpi_pico.c.obj)
                0x0000000010008fdc                __device_dts_ord_34
 *(SORT_BY_NAME(SORT_BY_ALIGNMENT(._device.static.*_???_*)))
 *(SORT_BY_NAME(SORT_BY_ALIGNMENT(._device.static.*_????_*)))
 *(SORT_BY_NAME(SORT_BY_ALIGNMENT(._device.static.*_?????_*)))
                0x0000000010008ffc                _device_list_end = .

sw_isr_table    0x0000000010008ffc       0xd0
                0x0000000010008ffc                . = ALIGN (0x4)
 *(SORT_BY_ALIGNMENT(.gnu.linkonce.sw_isr_table*))
 .gnu.linkonce.sw_isr_table
                0x0000000010008ffc       0xd0 zephyr/CMakeFiles/zephyr_final.dir/isr_tables.c.obj
                0x0000000010008ffc                _sw_isr_table

initlevel_error
                0x0000000010008f0c        0x0
 *(SORT_BY_NAME(SORT_BY_ALIGNMENT(.z_init_*)))
                0x0000000000000001                ASSERT ((SIZEOF (initlevel_error) == 0x0), Undefined initialization levels used.)

app_shmem_regions
                0x00000000100090cc        0x0
                0x00000000100090cc                __app_shmem_regions_start = .
 *(SORT_BY_NAME(SORT_BY_ALIGNMENT(.app_regions.*)))
                0x00000000100090cc                __app_shmem_regions_end = .

k_p4wq_initparam_area
                0x00000000100090cc        0x0
                0x00000000100090cc                _k_p4wq_initparam_list_start = .
 *(SORT_BY_NAME(SORT_BY_ALIGNMENT(._k_p4wq_initparam.static.*)))
                0x00000000100090cc                _k_p4wq_initparam_list_end = .

_static_thread_data_area
                0x00000000100090cc        0x0
                0x00000000100090cc                __static_thread_data_list_start = .
 *(SORT_BY_NAME(SORT_BY_ALIGNMENT(.__static_thread_data.static.*)))
                0x00000000100090cc                __static_thread_data_list_end = .

device_deps     0x00000000100090cc        0x0
                0x00000000100090cc                __device_deps_start = .
 *(SORT_BY_NAME(SORT_BY_ALIGNMENT(.__device_deps_pass2*)))
                0x00000000100090cc                __device_deps_end = .

gpio_driver_api_area
                0x00000000100090cc       0x24
                0x00000000100090cc                _gpio_driver_api_list_start = .
 *(SORT_BY_NAME(SORT_BY_ALIGNMENT(._gpio_driver_api.static.*)))
 ._gpio_driver_api.static.gpio_rpi_driver_api_
                0x00000000100090cc       0x24 zephyr/drivers/gpio/libdrivers__gpio.a(gpio_rpi_pico.c.obj)
                0x00000000100090f0                _gpio_driver_api_list_end = .

reset_driver_api_area
                0x00000000100090f0       0x10
                0x00000000100090f0                _reset_driver_api_list_start = .
 *(SORT_BY_NAME(SORT_BY_ALIGNMENT(._reset_driver_api.static.*)))
 ._reset_driver_api.static.reset_rpi_driver_api_
                0x00000000100090f0       0x10 zephyr/drivers/reset/libdrivers__reset.a(reset_rpi_pico.c.obj)
                0x0000000010009100                _reset_driver_api_list_end = .

shared_irq_driver_api_area
                0x0000000010009100        0x0
                0x0000000010009100                _shared_irq_driver_api_list_start = .
 *(SORT_BY_NAME(SORT_BY_ALIGNMENT(._shared_irq_driver_api.static.*)))
                0x0000000010009100                _shared_irq_driver_api_list_end = .

crypto_driver_api_area
                0x0000000010009100        0x0
                0x0000000010009100                _crypto_driver_api_list_start = .
 *(SORT_BY_NAME(SORT_BY_ALIGNMENT(._crypto_driver_api.static.*)))
                0x0000000010009100                _crypto_driver_api_list_end = .

adc_driver_api_area
                0x0000000010009100        0x0
                0x0000000010009100                _adc_driver_api_list_start = .
 *(SORT_BY_NAME(SORT_BY_ALIGNMENT(._adc_driver_api.static.*)))
                0x0000000010009100                _adc_driver_api_list_end = .

auxdisplay_driver_api_area
                0x0000000010009100        0x0
                0x0000000010009100                _auxdisplay_driver_api_list_start = .
 *(SORT_BY_NAME(SORT_BY_ALIGNMENT(._auxdisplay_driver_api.static.*)))
                0x0000000010009100                _auxdisplay_driver_api_list_end = .

bbram_driver_api_area
                0x0000000010009100        0x0
                0x0000000010009100                _bbram_driver_api_list_start = .
 *(SORT_BY_NAME(SORT_BY_ALIGNMENT(._bbram_driver_api.static.*)))
                0x0000000010009100                _bbram_driver_api_list_end = .

bt_hci_driver_api_area
                0x0000000010009100        0x0
                0x0000000010009100                _bt_hci_driver_api_list_start = .
 *(SORT_BY_NAME(SORT_BY_ALIGNMENT(._bt_hci_driver_api.static.*)))
                0x0000000010009100                _bt_hci_driver_api_list_end = .

can_driver_api_area
                0x0000000010009100        0x0
                0x0000000010009100                _can_driver_api_list_start = .
 *(SORT_BY_NAME(SORT_BY_ALIGNMENT(._can_driver_api.static.*)))
                0x0000000010009100                _can_driver_api_list_end = .

cellular_driver_api_area
                0x0000000010009100        0x0
                0x0000000010009100                _cellular_driver_api_list_start = .
 *(SORT_BY_NAME(SORT_BY_ALIGNMENT(._cellular_driver_api.static.*)))
                0x0000000010009100                _cellular_driver_api_list_end = .

charger_driver_api_area
                0x0000000010009100        0x0
                0x0000000010009100                _charger_driver_api_list_start = .
 *(SORT_BY_NAME(SORT_BY_ALIGNMENT(._charger_driver_api.static.*)))
                0x0000000010009100                _charger_driver_api_list_end = .

clock_control_driver_api_area
                0x0000000010009100       0x1c
                0x0000000010009100                _clock_control_driver_api_list_start = .
 *(SORT_BY_NAME(SORT_BY_ALIGNMENT(._clock_control_driver_api.static.*)))
 ._clock_control_driver_api.static.clock_control_rpi_pico_api_
                0x0000000010009100       0x1c zephyr/drivers/clock_control/libdrivers__clock_control.a(clock_control_rpi_pico.c.obj)
                0x000000001000911c                _clock_control_driver_api_list_end = .

comparator_driver_api_area
                0x000000001000911c        0x0
                0x000000001000911c                _comparator_driver_api_list_start = .
 *(SORT_BY_NAME(SORT_BY_ALIGNMENT(._comparator_driver_api.static.*)))
                0x000000001000911c                _comparator_driver_api_list_end = .

coredump_driver_api_area
                0x000000001000911c        0x0
                0x000000001000911c                _coredump_driver_api_list_start = .
 *(SORT_BY_NAME(SORT_BY_ALIGNMENT(._coredump_driver_api.static.*)))
                0x000000001000911c                _coredump_driver_api_list_end = .

counter_driver_api_area
                0x000000001000911c        0x0
                0x000000001000911c                _counter_driver_api_list_start = .
 *(SORT_BY_NAME(SORT_BY_ALIGNMENT(._counter_driver_api.static.*)))
                0x000000001000911c                _counter_driver_api_list_end = .

dac_driver_api_area
                0x000000001000911c        0x0
                0x000000001000911c                _dac_driver_api_list_start = .
 *(SORT_BY_NAME(SORT_BY_ALIGNMENT(._dac_driver_api.static.*)))
                0x000000001000911c                _dac_driver_api_list_end = .

dai_driver_api_area
                0x000000001000911c        0x0
                0x000000001000911c                _dai_driver_api_list_start = .
 *(SORT_BY_NAME(SORT_BY_ALIGNMENT(._dai_driver_api.static.*)))
                0x000000001000911c                _dai_driver_api_list_end = .

display_driver_api_area
                0x000000001000911c        0x0
                0x000000001000911c                _display_driver_api_list_start = .
 *(SORT_BY_NAME(SORT_BY_ALIGNMENT(._display_driver_api.static.*)))
                0x000000001000911c                _display_driver_api_list_end = .

dma_driver_api_area
                0x000000001000911c        0x0
                0x000000001000911c                _dma_driver_api_list_start = .
 *(SORT_BY_NAME(SORT_BY_ALIGNMENT(._dma_driver_api.static.*)))
                0x000000001000911c                _dma_driver_api_list_end = .

edac_driver_api_area
                0x000000001000911c        0x0
                0x000000001000911c                _edac_driver_api_list_start = .
 *(SORT_BY_NAME(SORT_BY_ALIGNMENT(._edac_driver_api.static.*)))
                0x000000001000911c                _edac_driver_api_list_end = .

eeprom_driver_api_area
                0x000000001000911c        0x0
                0x000000001000911c                _eeprom_driver_api_list_start = .
 *(SORT_BY_NAME(SORT_BY_ALIGNMENT(._eeprom_driver_api.static.*)))
                0x000000001000911c                _eeprom_driver_api_list_end = .

emul_bbram_driver_api_area
                0x000000001000911c        0x0
                0x000000001000911c                _emul_bbram_driver_api_list_start = .
 *(SORT_BY_NAME(SORT_BY_ALIGNMENT(._emul_bbram_driver_api.static.*)))
                0x000000001000911c                _emul_bbram_driver_api_list_end = .

fuel_gauge_emul_driver_api_area
                0x000000001000911c        0x0
                0x000000001000911c                _fuel_gauge_emul_driver_api_list_start = .
 *(SORT_BY_NAME(SORT_BY_ALIGNMENT(._fuel_gauge_emul_driver_api.static.*)))
                0x000000001000911c                _fuel_gauge_emul_driver_api_list_end = .

emul_sensor_driver_api_area
                0x000000001000911c        0x0
                0x000000001000911c                _emul_sensor_driver_api_list_start = .
 *(SORT_BY_NAME(SORT_BY_ALIGNMENT(._emul_sensor_driver_api.static.*)))
                0x000000001000911c                _emul_sensor_driver_api_list_end = .

entropy_driver_api_area
                0x000000001000911c        0x0
                0x000000001000911c                _entropy_driver_api_list_start = .
 *(SORT_BY_NAME(SORT_BY_ALIGNMENT(._entropy_driver_api.static.*)))
                0x000000001000911c                _entropy_driver_api_list_end = .

espi_driver_api_area
                0x000000001000911c        0x0
                0x000000001000911c                _espi_driver_api_list_start = .
 *(SORT_BY_NAME(SORT_BY_ALIGNMENT(._espi_driver_api.static.*)))
                0x000000001000911c                _espi_driver_api_list_end = .

espi_saf_driver_api_area
                0x000000001000911c        0x0
                0x000000001000911c                _espi_saf_driver_api_list_start = .
 *(SORT_BY_NAME(SORT_BY_ALIGNMENT(._espi_saf_driver_api.static.*)))
                0x000000001000911c                _espi_saf_driver_api_list_end = .

flash_driver_api_area
                0x000000001000911c        0x0
                0x000000001000911c                _flash_driver_api_list_start = .
 *(SORT_BY_NAME(SORT_BY_ALIGNMENT(._flash_driver_api.static.*)))
                0x000000001000911c                _flash_driver_api_list_end = .

fpga_driver_api_area
                0x000000001000911c        0x0
                0x000000001000911c                _fpga_driver_api_list_start = .
 *(SORT_BY_NAME(SORT_BY_ALIGNMENT(._fpga_driver_api.static.*)))
                0x000000001000911c                _fpga_driver_api_list_end = .

fuel_gauge_driver_api_area
                0x000000001000911c        0x0
                0x000000001000911c                _fuel_gauge_driver_api_list_start = .
 *(SORT_BY_NAME(SORT_BY_ALIGNMENT(._fuel_gauge_driver_api.static.*)))
                0x000000001000911c                _fuel_gauge_driver_api_list_end = .

gnss_driver_api_area
                0x000000001000911c        0x0
                0x000000001000911c                _gnss_driver_api_list_start = .
 *(SORT_BY_NAME(SORT_BY_ALIGNMENT(._gnss_driver_api.static.*)))
                0x000000001000911c                _gnss_driver_api_list_end = .

haptics_driver_api_area
                0x000000001000911c        0x0
                0x000000001000911c                _haptics_driver_api_list_start = .
 *(SORT_BY_NAME(SORT_BY_ALIGNMENT(._haptics_driver_api.static.*)))
                0x000000001000911c                _haptics_driver_api_list_end = .

hwspinlock_driver_api_area
                0x000000001000911c        0x0
                0x000000001000911c                _hwspinlock_driver_api_list_start = .
 *(SORT_BY_NAME(SORT_BY_ALIGNMENT(._hwspinlock_driver_api.static.*)))
                0x000000001000911c                _hwspinlock_driver_api_list_end = .

i2c_driver_api_area
                0x000000001000911c        0x0
                0x000000001000911c                _i2c_driver_api_list_start = .
 *(SORT_BY_NAME(SORT_BY_ALIGNMENT(._i2c_driver_api.static.*)))
                0x000000001000911c                _i2c_driver_api_list_end = .

i2c_target_driver_api_area
                0x000000001000911c        0x0
                0x000000001000911c                _i2c_target_driver_api_list_start = .
 *(SORT_BY_NAME(SORT_BY_ALIGNMENT(._i2c_target_driver_api.static.*)))
                0x000000001000911c                _i2c_target_driver_api_list_end = .

i2s_driver_api_area
                0x000000001000911c        0x0
                0x000000001000911c                _i2s_driver_api_list_start = .
 *(SORT_BY_NAME(SORT_BY_ALIGNMENT(._i2s_driver_api.static.*)))
                0x000000001000911c                _i2s_driver_api_list_end = .

i3c_driver_api_area
                0x000000001000911c        0x0
                0x000000001000911c                _i3c_driver_api_list_start = .
 *(SORT_BY_NAME(SORT_BY_ALIGNMENT(._i3c_driver_api.static.*)))
                0x000000001000911c                _i3c_driver_api_list_end = .

ipm_driver_api_area
                0x000000001000911c        0x0
                0x000000001000911c                _ipm_driver_api_list_start = .
 *(SORT_BY_NAME(SORT_BY_ALIGNMENT(._ipm_driver_api.static.*)))
                0x000000001000911c                _ipm_driver_api_list_end = .

led_driver_api_area
                0x000000001000911c        0x0
                0x000000001000911c                _led_driver_api_list_start = .
 *(SORT_BY_NAME(SORT_BY_ALIGNMENT(._led_driver_api.static.*)))
                0x000000001000911c                _led_driver_api_list_end = .

led_strip_driver_api_area
                0x000000001000911c        0x0
                0x000000001000911c                _led_strip_driver_api_list_start = .
 *(SORT_BY_NAME(SORT_BY_ALIGNMENT(._led_strip_driver_api.static.*)))
                0x000000001000911c                _led_strip_driver_api_list_end = .

lora_driver_api_area
                0x000000001000911c        0x0
                0x000000001000911c                _lora_driver_api_list_start = .
 *(SORT_BY_NAME(SORT_BY_ALIGNMENT(._lora_driver_api.static.*)))
                0x000000001000911c                _lora_driver_api_list_end = .

mbox_driver_api_area
                0x000000001000911c        0x0
                0x000000001000911c                _mbox_driver_api_list_start = .
 *(SORT_BY_NAME(SORT_BY_ALIGNMENT(._mbox_driver_api.static.*)))
                0x000000001000911c                _mbox_driver_api_list_end = .

mdio_driver_api_area
                0x000000001000911c        0x0
                0x000000001000911c                _mdio_driver_api_list_start = .
 *(SORT_BY_NAME(SORT_BY_ALIGNMENT(._mdio_driver_api.static.*)))
                0x000000001000911c                _mdio_driver_api_list_end = .

mipi_dbi_driver_api_area
                0x000000001000911c        0x0
                0x000000001000911c                _mipi_dbi_driver_api_list_start = .
 *(SORT_BY_NAME(SORT_BY_ALIGNMENT(._mipi_dbi_driver_api.static.*)))
                0x000000001000911c                _mipi_dbi_driver_api_list_end = .

mipi_dsi_driver_api_area
                0x000000001000911c        0x0
                0x000000001000911c                _mipi_dsi_driver_api_list_start = .
 *(SORT_BY_NAME(SORT_BY_ALIGNMENT(._mipi_dsi_driver_api.static.*)))
                0x000000001000911c                _mipi_dsi_driver_api_list_end = .

mspi_driver_api_area
                0x000000001000911c        0x0
                0x000000001000911c                _mspi_driver_api_list_start = .
 *(SORT_BY_NAME(SORT_BY_ALIGNMENT(._mspi_driver_api.static.*)))
                0x000000001000911c                _mspi_driver_api_list_end = .

peci_driver_api_area
                0x000000001000911c        0x0
                0x000000001000911c                _peci_driver_api_list_start = .
 *(SORT_BY_NAME(SORT_BY_ALIGNMENT(._peci_driver_api.static.*)))
                0x000000001000911c                _peci_driver_api_list_end = .

ps2_driver_api_area
                0x000000001000911c        0x0
                0x000000001000911c                _ps2_driver_api_list_start = .
 *(SORT_BY_NAME(SORT_BY_ALIGNMENT(._ps2_driver_api.static.*)))
                0x000000001000911c                _ps2_driver_api_list_end = .

ptp_clock_driver_api_area
                0x000000001000911c        0x0
                0x000000001000911c                _ptp_clock_driver_api_list_start = .
 *(SORT_BY_NAME(SORT_BY_ALIGNMENT(._ptp_clock_driver_api.static.*)))
                0x000000001000911c                _ptp_clock_driver_api_list_end = .

pwm_driver_api_area
                0x000000001000911c        0x0
                0x000000001000911c                _pwm_driver_api_list_start = .
 *(SORT_BY_NAME(SORT_BY_ALIGNMENT(._pwm_driver_api.static.*)))
                0x000000001000911c                _pwm_driver_api_list_end = .

regulator_parent_driver_api_area
                0x000000001000911c        0x0
                0x000000001000911c                _regulator_parent_driver_api_list_start = .
 *(SORT_BY_NAME(SORT_BY_ALIGNMENT(._regulator_parent_driver_api.static.*)))
                0x000000001000911c                _regulator_parent_driver_api_list_end = .

regulator_driver_api_area
                0x000000001000911c        0x0
                0x000000001000911c                _regulator_driver_api_list_start = .
 *(SORT_BY_NAME(SORT_BY_ALIGNMENT(._regulator_driver_api.static.*)))
                0x000000001000911c                _regulator_driver_api_list_end = .

retained_mem_driver_api_area
                0x000000001000911c        0x0
                0x000000001000911c                _retained_mem_driver_api_list_start = .
 *(SORT_BY_NAME(SORT_BY_ALIGNMENT(._retained_mem_driver_api.static.*)))
                0x000000001000911c                _retained_mem_driver_api_list_end = .

rtc_driver_api_area
                0x000000001000911c        0x0
                0x000000001000911c                _rtc_driver_api_list_start = .
 *(SORT_BY_NAME(SORT_BY_ALIGNMENT(._rtc_driver_api.static.*)))
                0x000000001000911c                _rtc_driver_api_list_end = .

sdhc_driver_api_area
                0x000000001000911c        0x0
                0x000000001000911c                _sdhc_driver_api_list_start = .
 *(SORT_BY_NAME(SORT_BY_ALIGNMENT(._sdhc_driver_api.static.*)))
                0x000000001000911c                _sdhc_driver_api_list_end = .

sensor_driver_api_area
                0x000000001000911c        0x0
                0x000000001000911c                _sensor_driver_api_list_start = .
 *(SORT_BY_NAME(SORT_BY_ALIGNMENT(._sensor_driver_api.static.*)))
                0x000000001000911c                _sensor_driver_api_list_end = .

smbus_driver_api_area
                0x000000001000911c        0x0
                0x000000001000911c                _smbus_driver_api_list_start = .
 *(SORT_BY_NAME(SORT_BY_ALIGNMENT(._smbus_driver_api.static.*)))
                0x000000001000911c                _smbus_driver_api_list_end = .
